Archive member included to satisfy reference by file (symbol)

/usr/lib/gcc/avr/4.9.2/avrxmega7/libgcc.a(_udivmodqi4.o)
                              Bin/Crypto1.o (__udivmodqi4)
/usr/lib/gcc/avr/4.9.2/avrxmega7/libgcc.a(_udivmodhi4.o)
                              Bin/Commands.o (__udivmodhi4)
/usr/lib/gcc/avr/4.9.2/avrxmega7/libgcc.a(_exit.o)
                              /usr/lib/gcc/avr/4.9.2/../../../avr/lib/avrxmega7/crtatxmega128a4u.o (exit)
/usr/lib/gcc/avr/4.9.2/avrxmega7/libgcc.a(_copy_data.o)
                              Bin/Log.o (__do_copy_data)
/usr/lib/gcc/avr/4.9.2/avrxmega7/libgcc.a(_clear_bss.o)
                              Bin/Chameleon-Mini.o (__do_clear_bss)
/usr/lib/gcc/avr/4.9.2/avrxmega7/libgcc.a(_mulshisi3.o)
                              Bin/AntennaLevel.o (__mulshisi3)
/usr/lib/gcc/avr/4.9.2/avrxmega7/libgcc.a(_muluhisi3.o)
                              /usr/lib/gcc/avr/4.9.2/avrxmega7/libgcc.a(_mulshisi3.o) (__muluhisi3)
/usr/lib/gcc/avr/4.9.2/avrxmega7/libgcc.a(_umulhisi3.o)
                              /usr/lib/gcc/avr/4.9.2/avrxmega7/libgcc.a(_muluhisi3.o) (__umulhisi3)
/usr/lib/gcc/avr/4.9.2/../../../avr/lib/avrxmega7/libc.a(rand.o)
                              Bin/Random.o (rand)
/usr/lib/gcc/avr/4.9.2/../../../avr/lib/avrxmega7/libc.a(memcpy_P.o)
                              Bin/Configuration.o (memcpy_P)
/usr/lib/gcc/avr/4.9.2/../../../avr/lib/avrxmega7/libc.a(strcmp_P.o)
                              Bin/Map.o (strcmp_P)
/usr/lib/gcc/avr/4.9.2/../../../avr/lib/avrxmega7/libc.a(strlen_P.o)
                              Bin/CDCClassDevice.o (__strlen_P)
/usr/lib/gcc/avr/4.9.2/../../../avr/lib/avrxmega7/libc.a(strncpy_P.o)
                              Bin/Map.o (strncpy_P)
/usr/lib/gcc/avr/4.9.2/../../../avr/lib/avrxmega7/libc.a(memcmp.o)
                              Bin/MifareUltralight.o (memcmp)
/usr/lib/gcc/avr/4.9.2/../../../avr/lib/avrxmega7/libc.a(memcpy.o)
                              Bin/Log.o (memcpy)
/usr/lib/gcc/avr/4.9.2/../../../avr/lib/avrxmega7/libc.a(memmove.o)
                              Bin/Log.o (memmove)
/usr/lib/gcc/avr/4.9.2/../../../avr/lib/avrxmega7/libc.a(memset.o)
                              Bin/MifareUltralight.o (memset)
/usr/lib/gcc/avr/4.9.2/../../../avr/lib/avrxmega7/libc.a(strchr.o)
                              Bin/Commands.o (strchr)
/usr/lib/gcc/avr/4.9.2/../../../avr/lib/avrxmega7/libc.a(strcpy.o)
                              Bin/Reader14443A.o (strcpy)
/usr/lib/gcc/avr/4.9.2/../../../avr/lib/avrxmega7/libc.a(snprintf.o)
                              Bin/Reader14443A.o (snprintf)
/usr/lib/gcc/avr/4.9.2/../../../avr/lib/avrxmega7/libc.a(snprintf_p.o)
                              Bin/Commands.o (snprintf_P)
/usr/lib/gcc/avr/4.9.2/../../../avr/lib/avrxmega7/libc.a(sscanf_p.o)
                              Bin/Commands.o (sscanf_P)
/usr/lib/gcc/avr/4.9.2/../../../avr/lib/avrxmega7/libc.a(vfprintf_std.o)
                              /usr/lib/gcc/avr/4.9.2/../../../avr/lib/avrxmega7/libc.a(snprintf.o) (vfprintf)
/usr/lib/gcc/avr/4.9.2/../../../avr/lib/avrxmega7/libc.a(vfscanf_std.o)
                              /usr/lib/gcc/avr/4.9.2/../../../avr/lib/avrxmega7/libc.a(sscanf_p.o) (vfscanf)
/usr/lib/gcc/avr/4.9.2/../../../avr/lib/avrxmega7/libc.a(isspace.o)
                              /usr/lib/gcc/avr/4.9.2/../../../avr/lib/avrxmega7/libc.a(vfscanf_std.o) (isspace)
/usr/lib/gcc/avr/4.9.2/../../../avr/lib/avrxmega7/libc.a(strchr_P.o)
                              /usr/lib/gcc/avr/4.9.2/../../../avr/lib/avrxmega7/libc.a(vfscanf_std.o) (strchr_P)
/usr/lib/gcc/avr/4.9.2/../../../avr/lib/avrxmega7/libc.a(strnlen_P.o)
                              /usr/lib/gcc/avr/4.9.2/../../../avr/lib/avrxmega7/libc.a(vfprintf_std.o) (strnlen_P)
/usr/lib/gcc/avr/4.9.2/../../../avr/lib/avrxmega7/libc.a(strnlen.o)
                              /usr/lib/gcc/avr/4.9.2/../../../avr/lib/avrxmega7/libc.a(vfprintf_std.o) (strnlen)
/usr/lib/gcc/avr/4.9.2/../../../avr/lib/avrxmega7/libc.a(fgetc.o)
                              /usr/lib/gcc/avr/4.9.2/../../../avr/lib/avrxmega7/libc.a(vfscanf_std.o) (fgetc)
/usr/lib/gcc/avr/4.9.2/../../../avr/lib/avrxmega7/libc.a(fputc.o)
                              /usr/lib/gcc/avr/4.9.2/../../../avr/lib/avrxmega7/libc.a(vfprintf_std.o) (fputc)
/usr/lib/gcc/avr/4.9.2/../../../avr/lib/avrxmega7/libc.a(ungetc.o)
                              /usr/lib/gcc/avr/4.9.2/../../../avr/lib/avrxmega7/libc.a(vfscanf_std.o) (ungetc)
/usr/lib/gcc/avr/4.9.2/../../../avr/lib/avrxmega7/libc.a(ultoa_invert.o)
                              /usr/lib/gcc/avr/4.9.2/../../../avr/lib/avrxmega7/libc.a(vfprintf_std.o) (__ultoa_invert)
/usr/lib/gcc/avr/4.9.2/../../../avr/lib/avrxmega7/libc.a(cty_isfalse.o)
                              /usr/lib/gcc/avr/4.9.2/../../../avr/lib/avrxmega7/libc.a(isspace.o) (__ctype_isfalse)
/usr/lib/gcc/avr/4.9.2/../../../avr/lib/avrxmega7/libatxmega128a4u.a(eerd_byte.o)
[...]
Memory Configuration

Name             Origin             Length             Attributes
text             0x0000000000000000 0x0000000000100000 xr
data             0x0000000000802000 0x000000000000ffa0 rw !x
eeprom           0x0000000000810000 0x0000000000010000 rw !x
fuse             0x0000000000820000 0x0000000000000400 rw !x
lock             0x0000000000830000 0x0000000000000400 rw !x
signature        0x0000000000840000 0x0000000000000400 rw !x
user_signatures  0x0000000000850000 0x0000000000000400 rw !x
*default*        0x0000000000000000 0xffffffffffffffff

Linker script and memory map

LOAD /usr/lib/gcc/avr/4.9.2/../../../avr/lib/avrxmega7/crtatxmega128a4u.o
LOAD Bin/Chameleon-Mini.o
LOAD Bin/LUFADescriptors.o
LOAD Bin/System.o
LOAD Bin/Configuration.o
LOAD Bin/Random.o
LOAD Bin/Common.o
LOAD Bin/Memory.o
LOAD Bin/MemoryAsm.o
LOAD Bin/Button.o
LOAD Bin/Log.o
LOAD Bin/Settings.o
LOAD Bin/LED.o
LOAD Bin/Map.o
LOAD Bin/AntennaLevel.o
LOAD Bin/Terminal.o
LOAD Bin/Commands.o
LOAD Bin/XModem.o
LOAD Bin/CommandLine.o
LOAD Bin/Codec.o
LOAD Bin/ISO14443-2A.o
LOAD Bin/Reader14443-2A.o
LOAD Bin/SniffISO14443-2A.o
LOAD Bin/Reader14443-ISR.o
LOAD Bin/MifareUltralight.o
LOAD Bin/MifareClassic.o
LOAD Bin/ISO14443-3A.o
LOAD Bin/Crypto1.o
LOAD Bin/Reader14443A.o
LOAD Bin/Sniff14443A.o
LOAD Bin/ISO15693.o
LOAD Bin/Vicinity.o
LOAD Bin/Sl2s2002.o
LOAD Bin/TITagitstandard.o
LOAD Bin/ISO15693-A.o
LOAD Bin/HIDParser.o
LOAD Bin/ConfigDescriptors.o
LOAD Bin/DeviceStandardReq.o
LOAD Bin/Events.o
LOAD Bin/HostStandardReq.o
LOAD Bin/USBTask.o
LOAD Bin/Device_XMEGA.o
LOAD Bin/EndpointStream_XMEGA.o
LOAD Bin/Endpoint_XMEGA.o
LOAD Bin/Host_XMEGA.o
LOAD Bin/PipeStream_XMEGA.o
LOAD Bin/Pipe_XMEGA.o
LOAD Bin/USBController_XMEGA.o
LOAD Bin/USBInterrupt_XMEGA.o
LOAD Bin/AudioClassDevice.o
LOAD Bin/CDCClassDevice.o
LOAD Bin/HIDClassDevice.o
LOAD Bin/MassStorageClassDevice.o
LOAD Bin/MIDIClassDevice.o
LOAD Bin/PrinterClassDevice.o
LOAD Bin/RNDISClassDevice.o
LOAD Bin/AndroidAccessoryClassHost.o
LOAD Bin/AudioClassHost.o
LOAD Bin/CDCClassHost.o
LOAD Bin/HIDClassHost.o
LOAD Bin/MassStorageClassHost.o
LOAD Bin/MIDIClassHost.o
LOAD Bin/PrinterClassHost.o
LOAD Bin/RNDISClassHost.o
LOAD Bin/StillImageClassHost.o
LOAD /usr/lib/gcc/avr/4.9.2/../../../avr/lib/avrxmega7/libm.a
Address of section .flashdata set to 0x10000
Address of section .spmhelper set to 0x21fe0
START GROUP
LOAD /usr/lib/gcc/avr/4.9.2/avrxmega7/libgcc.a
LOAD /usr/lib/gcc/avr/4.9.2/../../../avr/lib/avrxmega7/libm.a
LOAD /usr/lib/gcc/avr/4.9.2/../../../avr/lib/avrxmega7/libc.a
LOAD /usr/lib/gcc/avr/4.9.2/../../../avr/lib/avrxmega7/libatxmega128a4u.a
END GROUP

.hash
 *(.hash)

.dynsym
 *(.dynsym)

.dynstr
 *(.dynstr)

.gnu.version
 *(.gnu.version)

.gnu.version_d
 *(.gnu.version_d)

.gnu.version_r
 *(.gnu.version_r)

.rel.init
 *(.rel.init)

.rela.init
 *(.rela.init)

.rel.text
 *(.rel.text)
 *(.rel.text.*)
 *(.rel.gnu.linkonce.t*)

.rela.text
 *(.rela.text)
 *(.rela.text.*)
 *(.rela.gnu.linkonce.t*)

.rel.fini
 *(.rel.fini)

.rela.fini
 *(.rela.fini)

.rel.rodata
 *(.rel.rodata)
 *(.rel.rodata.*)
 *(.rel.gnu.linkonce.r*)

.rela.rodata
 *(.rela.rodata)
 *(.rela.rodata.*)
 *(.rela.gnu.linkonce.r*)

.rel.data
 *(.rel.data)
 *(.rel.data.*)
 *(.rel.gnu.linkonce.d*)

.rela.data
 *(.rela.data)
 *(.rela.data.*)
 *(.rela.gnu.linkonce.d*)

.rel.ctors
 *(.rel.ctors)

.rela.ctors
 *(.rela.ctors)

.rel.dtors
 *(.rel.dtors)

.rela.dtors
 *(.rela.dtors)

.rel.got
 *(.rel.got)

.rela.got
 *(.rela.got)

.rel.bss
 *(.rel.bss)

.rela.bss
 *(.rela.bss)

.rel.plt
 *(.rel.plt)

.rela.plt
 *(.rela.plt)

.text           0x0000000000000000     0xd9c6
 *(.vectors)
 .vectors       0x0000000000000000      0x1fc /usr/lib/gcc/avr/4.9.2/../../../avr/lib/avrxmega7/crtatxmega128a4u.o
                0x0000000000000000                __vectors
 *(.vectors)
 *(.progmem.gcc*)
                0x00000000000001fc                . = ALIGN (0x2)
                0x00000000000001fc                __trampolines_start = .
 *(.trampolines)
 .trampolines   0x00000000000001fc        0x0 linker stubs
 *(.trampolines*)
                0x00000000000001fc                __trampolines_end = .
 *(.progmem*)
 .progmem.data  0x00000000000001fc       0xa0 Bin/LUFADescriptors.o
                0x00000000000001fc                ProductString
                0x000000000000021c                ManufacturerString
                0x0000000000000248                LanguageString
                0x000000000000024c                ConfigurationDescriptor
                0x000000000000028a                DeviceDescriptor
 .progmem.data  0x000000000000029c      0x31e Bin/Configuration.o
 .progmem.data  0x00000000000005ba      0x200 Bin/Common.o
                0x00000000000005ba                OddParityByteTable
                0x00000000000006ba                BitReverseByteTable
 .progmem.data  0x00000000000007ba      0x16b Bin/Button.o
 .progmem.data  0x0000000000000925       0x63 Bin/Log.o
 .progmem.data  0x0000000000000988      0x16b Bin/LED.o
 .progmem.data  0x0000000000000af3      0x19e Bin/Commands.o
 .progmem.data  0x0000000000000c91      0x4e3 Bin/CommandLine.o
                0x0000000000000dcc                CommandTable
 .progmem.data  0x0000000000001174      0x681 Bin/Reader14443A.o
 .progmem.data  0x00000000000017f5        0xc /usr/lib/gcc/avr/4.9.2/../../../avr/lib/avrxmega7/libc.a(vfscanf_std.o)
                0x0000000000001802                . = ALIGN (0x2)
 *fill*         0x0000000000001801        0x1 
 *(.jumptables)
 *(.jumptables*)
 *(.lowtext)
 *(.lowtext*)
                0x0000000000001802                __ctors_start = .
 *(.ctors)
                0x0000000000001802                __ctors_end = .
                0x0000000000001802                __dtors_start = .
 *(.dtors)
                0x0000000000001802                __dtors_end = .
 SORT(*)(.ctors)
 SORT(*)(.dtors)
 *(.init0)
 .init0         0x0000000000001802        0x0 /usr/lib/gcc/avr/4.9.2/../../../avr/lib/avrxmega7/crtatxmega128a4u.o
                0x0000000000001802                __init
 *(.init0)
 *(.init1)
 *(.init1)
 *(.init2)
 .init2         0x0000000000001802       0x18 /usr/lib/gcc/avr/4.9.2/../../../avr/lib/avrxmega7/crtatxmega128a4u.o
 *(.init2)
 *(.init3)
 *(.init3)
 *(.init4)
 .init4         0x000000000000181a       0x1c /usr/lib/gcc/avr/4.9.2/avrxmega7/libgcc.a(_copy_data.o)
                0x000000000000181a                __do_copy_data
 .init4         0x0000000000001836       0x10 /usr/lib/gcc/avr/4.9.2/avrxmega7/libgcc.a(_clear_bss.o)
                0x0000000000001836                __do_clear_bss
 *(.init4)
 *(.init5)
 *(.init5)
 *(.init6)
 *(.init6)
 *(.init7)
 *(.init7)
 *(.init8)
 *(.init8)
 *(.init9)
 .init9         0x0000000000001846        0x6 /usr/lib/gcc/avr/4.9.2/../../../avr/lib/avrxmega7/crtatxmega128a4u.o
 *(.init9)
 *(.text)
 .text          0x000000000000184c        0x2 /usr/lib/gcc/avr/4.9.2/../../../avr/lib/avrxmega7/crtatxmega128a4u.o
                0x000000000000184c                __vector_38
                0x000000000000184c                __vector_104
                0x000000000000184c                __vector_22
                0x000000000000184c                __vector_63
                0x000000000000184c                __vector_28
                0x000000000000184c                __vector_67
                0x000000000000184c                __vector_1
                0x000000000000184c                __vector_119
                0x000000000000184c                __vector_32
                0x000000000000184c                __vector_75
                0x000000000000184c                __vector_71
                0x000000000000184c                __vector_91
                0x000000000000184c                __vector_62
                0x000000000000184c                __vector_77
                0x000000000000184c                __vector_102
                0x000000000000184c                __vector_24
                0x000000000000184c                __vector_12
                0x000000000000184c                __vector_55
                0x000000000000184c                __vector_90
                0x000000000000184c                __vector_46
                0x000000000000184c                __bad_interrupt
                0x000000000000184c                __vector_122
                0x000000000000184c                __vector_72
                0x000000000000184c                __vector_114
                0x000000000000184c                __vector_6
                0x000000000000184c                __vector_110
                0x000000000000184c                __vector_31
                0x000000000000184c                __vector_92
                0x000000000000184c                __vector_78
                0x000000000000184c                __vector_74
                0x000000000000184c                __vector_117
                0x000000000000184c                __vector_39
                0x000000000000184c                __vector_107
                0x000000000000184c                __vector_3
                0x000000000000184c                __vector_105
                0x000000000000184c                __vector_98
                0x000000000000184c                __vector_23
                0x000000000000184c                __vector_30
                0x000000000000184c                __vector_73
                0x000000000000184c                __vector_45
                0x000000000000184c                __vector_25
                0x000000000000184c                __vector_93
                0x000000000000184c                __vector_61
                0x000000000000184c                __vector_11
                0x000000000000184c                __vector_54
                0x000000000000184c                __vector_99
                0x000000000000184c                __vector_13
                0x000000000000184c                __vector_17
                0x000000000000184c                __vector_19
                0x000000000000184c                __vector_56
                0x000000000000184c                __vector_7
                0x000000000000184c                __vector_123
                0x000000000000184c                __vector_41
                0x000000000000184c                __vector_100
                0x000000000000184c                __vector_101
                0x000000000000184c                __vector_64
                0x000000000000184c                __vector_88
                0x000000000000184c                __vector_109
                0x000000000000184c                __vector_43
                0x000000000000184c                __vector_27
                0x000000000000184c                __vector_5
                0x000000000000184c                __vector_113
                0x000000000000184c                __vector_33
                0x000000000000184c                __vector_76
                0x000000000000184c                __vector_115
                0x000000000000184c                __vector_52
                0x000000000000184c                __vector_37
                0x000000000000184c                __vector_95
                0x000000000000184c                __vector_103
                0x000000000000184c                __vector_96
                0x000000000000184c                __vector_89
                0x000000000000184c                __vector_108
                0x000000000000184c                __vector_4
                0x000000000000184c                __vector_44
                0x000000000000184c                __vector_106
                0x000000000000184c                __vector_118
                0x000000000000184c                __vector_51
                0x000000000000184c                __vector_9
                0x000000000000184c                __vector_2
                0x000000000000184c                __vector_21
                0x000000000000184c                __vector_15
                0x000000000000184c                __vector_66
                0x000000000000184c                __vector_36
                0x000000000000184c                __vector_58
                0x000000000000184c                __vector_70
                0x000000000000184c                __vector_83
                0x000000000000184c                __vector_29
                0x000000000000184c                __vector_60
                0x000000000000184c                __vector_121
                0x000000000000184c                __vector_40
                0x000000000000184c                __vector_94
                0x000000000000184c                __vector_126
                0x000000000000184c                __vector_8
                0x000000000000184c                __vector_26
                0x000000000000184c                __vector_48
                0x000000000000184c                __vector_124
                0x000000000000184c                __vector_116
                0x000000000000184c                __vector_112
                0x000000000000184c                __vector_111
                0x000000000000184c                __vector_14
                0x000000000000184c                __vector_84
                0x000000000000184c                __vector_57
                0x000000000000184c                __vector_53
                0x000000000000184c                __vector_16
                0x000000000000184c                __vector_59
                0x000000000000184c                __vector_18
                0x000000000000184c                __vector_97
                0x000000000000184c                __vector_20
                0x000000000000184c                __vector_42
                0x000000000000184c                __vector_87
                0x000000000000184c                __vector_65
                0x000000000000184c                __vector_120
 .text          0x000000000000184e       0x70 Bin/MemoryAsm.o
                0x000000000000184e                FlashReadWord
                0x000000000000185c                FlashEraseApplicationPage
                0x0000000000001868                FlashLoadFlashWord
                0x0000000000001872                FlashEraseWriteApplicationPage
                0x000000000000187e                FlashEraseFlashBuffer
                0x0000000000001884                FlashWaitForSPM
 .text          0x00000000000018be       0x86 Bin/Reader14443-ISR.o
                0x00000000000018be                __vector_80
                0x0000000000001944                . = ALIGN (0x2)
 *(.text.*)
 .text.startup.main
                0x0000000000001944      0x184 Bin/Chameleon-Mini.o
                0x0000000000001944                main
 .text.CALLBACK_USB_GetDescriptor
                0x0000000000001ac8       0x64 Bin/LUFADescriptors.o
                0x0000000000001ac8                CALLBACK_USB_GetDescriptor
 .text.__vector_default
                0x0000000000001b2c       0x12 Bin/System.o
                0x0000000000001b2c                __vector_default
 .text.__vector_10
                0x0000000000001b3e       0x32 Bin/System.o
                0x0000000000001b3e                __vector_10
 .text.SystemInit
                0x0000000000001b70       0x84 Bin/System.o
                0x0000000000001b70                SystemInit
 .text.SystemReset
                0x0000000000001bf4        0xc Bin/System.o
                0x0000000000001bf4                SystemReset
 .text.SystemEnterBootloader
                0x0000000000001c00        0xc Bin/System.o
                0x0000000000001c00                SystemEnterBootloader
 .text.SystemStartUSBClock
                0x0000000000001c0c       0x5c Bin/System.o
                0x0000000000001c0c                SystemStartUSBClock
 .text.SystemStopUSBClock
                0x0000000000001c68       0x20 Bin/System.o
                0x0000000000001c68                SystemStopUSBClock
 .text.SystemInterruptInit
                0x0000000000001c88        0xa Bin/System.o
                0x0000000000001c88                SystemInterruptInit
 .text.CodecInitDummy
                0x0000000000001c92        0x2 Bin/Configuration.o
 .text.CodecDeInitDummy
                0x0000000000001c94        0x2 Bin/Configuration.o
 .text.CodecTaskDummy
                0x0000000000001c96        0x2 Bin/Configuration.o
 .text.ApplicationInitDummy
                0x0000000000001c98        0x2 Bin/Configuration.o
 .text.ApplicationResetDummy
                0x0000000000001c9a        0x2 Bin/Configuration.o
 .text.ApplicationTaskDummy
                0x0000000000001c9c        0x2 Bin/Configuration.o
 .text.ApplicationTickDummy
                0x0000000000001c9e        0x2 Bin/Configuration.o
 .text.ApplicationProcessDummy
                0x0000000000001ca0        0x6 Bin/Configuration.o
 .text.ApplicationGetUidDummy
                0x0000000000001ca6        0x2 Bin/Configuration.o
 .text.ApplicationSetUidDummy
                0x0000000000001ca8        0x2 Bin/Configuration.o
 .text.ConfigurationSetById
                0x0000000000001caa       0x64 Bin/Configuration.o
                0x0000000000001caa                ConfigurationSetById
 .text.ConfigurationInit
                0x0000000000001d0e       0x1c Bin/Configuration.o
                0x0000000000001d0e                ConfigurationInit
 .text.ConfigurationGetByName
                0x0000000000001d2a       0x22 Bin/Configuration.o
                0x0000000000001d2a                ConfigurationGetByName
 .text.ConfigurationSetByName
                0x0000000000001d4c       0x5c Bin/Configuration.o
                0x0000000000001d4c                ConfigurationSetByName
 .text.ConfigurationGetList
                0x0000000000001da8        0xe Bin/Configuration.o
                0x0000000000001da8                ConfigurationGetList
 .text.RandomInit
                0x0000000000001db6        0x2 Bin/Random.o
                0x0000000000001db6                RandomInit
 .text.RandomGetByte
                0x0000000000001db8        0x6 Bin/Random.o
                0x0000000000001db8                RandomGetByte
 .text.RandomGetBuffer
                0x0000000000001dbe       0x22 Bin/Random.o
                0x0000000000001dbe                RandomGetBuffer
 .text.RandomTick
                0x0000000000001de0       0x10 Bin/Random.o
                0x0000000000001de0                RandomTick
 .text.BufferToHexString
                0x0000000000001df0       0x74 Bin/Common.o
                0x0000000000001df0                BufferToHexString
 .text.HexStringToBuffer
                0x0000000000001e64       0x7e Bin/Common.o
                0x0000000000001e64                HexStringToBuffer
 .text.MemoryInit
                0x0000000000001ee2       0x60 Bin/Memory.o
                0x0000000000001ee2                MemoryInit
 .text.MemoryReadBlock
                0x0000000000001f42       0x9c Bin/Memory.o
                0x0000000000001f42                MemoryReadBlock
 .text.MemoryWriteBlock
                0x0000000000001fde       0xdc Bin/Memory.o
                0x0000000000001fde                MemoryWriteBlock
 .text.MemoryRecall
                0x00000000000020ba       0xea Bin/Memory.o
                0x00000000000020ba                MemoryRecall
 .text.MemoryClear
                0x00000000000021a4       0x60 Bin/Memory.o
                0x00000000000021a4                MemoryClear
 .text.MemoryStore
                0x0000000000002204      0x12e Bin/Memory.o
                0x0000000000002204                MemoryStore
 .text.MemoryUploadBlock
                0x0000000000002332      0x100 Bin/Memory.o
                0x0000000000002332                MemoryUploadBlock
 .text.MemoryDownloadBlock
                0x0000000000002432       0xe4 Bin/Memory.o
                0x0000000000002432                MemoryDownloadBlock
 .text.WaitForNVM
                0x0000000000002516        0xa Bin/Memory.o
                0x0000000000002516                WaitForNVM
 .text.FlushNVMBuffer
                0x0000000000002520       0x22 Bin/Memory.o
                0x0000000000002520                FlushNVMBuffer
 .text.ReadEEPBlock
                0x0000000000002542       0x7a Bin/Memory.o
                0x0000000000002542                ReadEEPBlock
 .text.WriteEEPBlock
                0x00000000000025bc       0xec Bin/Memory.o
                0x00000000000025bc                WriteEEPBlock
 .text.ExecuteButtonAction
                0x00000000000026a8      0x20e Bin/Button.o
 .text.ButtonInit
                0x00000000000028b6       0x10 Bin/Button.o
                0x00000000000028b6                ButtonInit
 .text.ButtonTick
                0x00000000000028c6       0x9a Bin/Button.o
                0x00000000000028c6                ButtonTick
 .text.ButtonGetActionList
                0x0000000000002960        0xc Bin/Button.o
                0x0000000000002960                ButtonGetActionList
 .text.ButtonSetActionById
                0x000000000000296c       0x1e Bin/Button.o
                0x000000000000296c                ButtonSetActionById
 .text.ButtonGetActionByName
                0x000000000000298a       0x24 Bin/Button.o
                0x000000000000298a                ButtonGetActionByName
 .text.ButtonSetActionByName
                0x00000000000029ae       0x3a Bin/Button.o
                0x00000000000029ae                ButtonSetActionByName
 .text.LogFuncOff
                0x00000000000029e8        0x2 Bin/Log.o
 .text.LogFuncLive
                0x00000000000029ea       0x58 Bin/Log.o
 .text.LogTask  0x0000000000002a42        0x2 Bin/Log.o
                0x0000000000002a42                LogTask
 .text.LogMemLoadBlock
                0x0000000000002a44      0x124 Bin/Log.o
                0x0000000000002a44                LogMemLoadBlock
 .text.LogMemClear
                0x0000000000002b68       0x78 Bin/Log.o
                0x0000000000002b68                LogMemClear
 .text.LogMemFree
                0x0000000000002be0       0x18 Bin/Log.o
                0x0000000000002be0                LogMemFree
 .text.LogSetModeById
                0x0000000000002bf8       0x48 Bin/Log.o
                0x0000000000002bf8                LogSetModeById
 .text.LogInit  0x0000000000002c40       0xb6 Bin/Log.o
                0x0000000000002c40                LogInit
 .text.LogFuncMemory
                0x0000000000002cf6       0xb0 Bin/Log.o
 .text.LogSetModeByName
                0x0000000000002da6       0x32 Bin/Log.o
                0x0000000000002da6                LogSetModeByName
 .text.LogGetModeByName
                0x0000000000002dd8       0x20 Bin/Log.o
                0x0000000000002dd8                LogGetModeByName
 .text.LogGetModeList
                0x0000000000002df8        0xc Bin/Log.o
                0x0000000000002df8                LogGetModeList
 .text.LogSRAMToFRAM
                0x0000000000002e04      0x11c Bin/Log.o
                0x0000000000002e04                LogSRAMToFRAM
 .text.LogTick  0x0000000000002f20        0xa Bin/Log.o
                0x0000000000002f20                LogTick
 .text.SettingsLoad
                0x0000000000002f2a        0xe Bin/Settings.o
                0x0000000000002f2a                SettingsLoad
 .text.SettingsSave
                0x0000000000002f38        0xe Bin/Settings.o
                0x0000000000002f38                SettingsSave
 .text.SettingsSetActiveById
                0x0000000000002f46       0x76 Bin/Settings.o
                0x0000000000002f46                SettingsSetActiveById
 .text.SettingsCycle
                0x0000000000002fbc       0x34 Bin/Settings.o
                0x0000000000002fbc                SettingsCycle
 .text.SettingsGetActiveByName
                0x0000000000002ff0        0xe Bin/Settings.o
                0x0000000000002ff0                SettingsGetActiveByName
 .text.SettingsSetActiveByName
                0x0000000000002ffe       0x2a Bin/Settings.o
                0x0000000000002ffe                SettingsSetActiveByName
 .text.LEDInit  0x0000000000003028        0x8 Bin/LED.o
                0x0000000000003028                LEDInit
 .text.LEDTick  0x0000000000003030       0xfe Bin/LED.o
                0x0000000000003030                LEDTick
 .text.LEDGetFuncList
                0x000000000000312e        0xc Bin/LED.o
                0x000000000000312e                LEDGetFuncList
 .text.LEDSetFuncById
                0x000000000000313a       0x4a Bin/LED.o
                0x000000000000313a                LEDSetFuncById
 .text.LEDGetFuncByName
                0x0000000000003184       0x34 Bin/LED.o
                0x0000000000003184                LEDGetFuncByName
 .text.LEDSetFuncByName
                0x00000000000031b8       0x3a Bin/LED.o
                0x00000000000031b8                LEDSetFuncByName
 .text.MapIdToText
                0x00000000000031f2       0x30 Bin/Map.o
                0x00000000000031f2                MapIdToText
 .text.MapTextToId
                0x0000000000003222       0x4e Bin/Map.o
                0x0000000000003222                MapTextToId
 .text.MapToString
                0x0000000000003270       0x48 Bin/Map.o
                0x0000000000003270                MapToString
 .text.AntennaLevelTick
                0x00000000000032b8       0x8e Bin/AntennaLevel.o
                0x00000000000032b8                AntennaLevelTick
 .text.TerminalSendString
                0x0000000000003346        0xa Bin/Terminal.o
                0x0000000000003346                TerminalSendString
 .text.TerminalSendStringP
                0x0000000000003350       0x22 Bin/Terminal.o
                0x0000000000003350                TerminalSendStringP
 .text.TerminalSendBlock
                0x0000000000003372        0xc Bin/Terminal.o
                0x0000000000003372                TerminalSendBlock
 .text.TerminalInit
                0x000000000000337e        0x8 Bin/Terminal.o
                0x000000000000337e                TerminalInit
 .text.TerminalTask
                0x0000000000003386       0x5e Bin/Terminal.o
                0x0000000000003386                TerminalTask
 .text.TerminalTick
                0x00000000000033e4       0x80 Bin/Terminal.o
                0x00000000000033e4                TerminalTick
 .text.EVENT_USB_Device_Connect
                0x0000000000003464       0x22 Bin/Terminal.o
                0x0000000000003464                EVENT_USB_Device_Connect
 .text.EVENT_USB_Device_Disconnect
                0x0000000000003486       0x22 Bin/Terminal.o
                0x0000000000003486                EVENT_USB_Device_Disconnect
 .text.EVENT_USB_Device_ConfigurationChanged
                0x00000000000034a8        0x8 Bin/Terminal.o
                0x00000000000034a8                EVENT_USB_Device_ConfigurationChanged
 .text.EVENT_USB_Device_ControlRequest
                0x00000000000034b0        0x8 Bin/Terminal.o
                0x00000000000034b0                EVENT_USB_Device_ControlRequest
 .text.CommandGetVersion
                0x00000000000034b8       0x44 Bin/Commands.o
                0x00000000000034b8                CommandGetVersion
 .text.CommandGetConfig
                0x00000000000034fc        0xc Bin/Commands.o
                0x00000000000034fc                CommandGetConfig
 .text.CommandSetConfig
                0x0000000000003508       0x44 Bin/Commands.o
                0x0000000000003508                CommandSetConfig
 .text.CommandGetUid
                0x000000000000354c       0x7e Bin/Commands.o
                0x000000000000354c                CommandGetUid
 .text.CommandSetUid
                0x00000000000035ca       0xa4 Bin/Commands.o
                0x00000000000035ca                CommandSetUid
 .text.CommandGetReadOnly
                0x000000000000366e       0x18 Bin/Commands.o
                0x000000000000366e                CommandGetReadOnly
 .text.CommandSetReadOnly
                0x0000000000003686       0x5a Bin/Commands.o
                0x0000000000003686                CommandSetReadOnly
 .text.CommandExecUpload
                0x00000000000036e0        0xa Bin/Commands.o
                0x00000000000036e0                CommandExecUpload
 .text.CommandExecDownload
                0x00000000000036ea        0xa Bin/Commands.o
                0x00000000000036ea                CommandExecDownload
 .text.CommandExecReset
                0x00000000000036f4       0x16 Bin/Commands.o
                0x00000000000036f4                CommandExecReset
 .text.CommandExecUpgrade
                0x000000000000370a       0x16 Bin/Commands.o
                0x000000000000370a                CommandExecUpgrade
 .text.CommandGetMemSize
                0x0000000000003720       0x30 Bin/Commands.o
                0x0000000000003720                CommandGetMemSize
 .text.CommandGetUidSize
                0x0000000000003750       0x2c Bin/Commands.o
                0x0000000000003750                CommandGetUidSize
 .text.CommandGetRButton
                0x000000000000377c        0xe Bin/Commands.o
                0x000000000000377c                CommandGetRButton
 .text.CommandSetRButton
                0x000000000000378a       0x2a Bin/Commands.o
                0x000000000000378a                CommandSetRButton
 .text.CommandGetRButtonLong
                0x00000000000037b4        0xe Bin/Commands.o
                0x00000000000037b4                CommandGetRButtonLong
 .text.CommandSetRButtonLong
                0x00000000000037c2       0x2a Bin/Commands.o
                0x00000000000037c2                CommandSetRButtonLong
 .text.CommandGetLButton
                0x00000000000037ec        0xe Bin/Commands.o
                0x00000000000037ec                CommandGetLButton
 .text.CommandSetLButton
                0x00000000000037fa       0x2a Bin/Commands.o
                0x00000000000037fa                CommandSetLButton
 .text.CommandGetLButtonLong
                0x0000000000003824        0xe Bin/Commands.o
                0x0000000000003824                CommandGetLButtonLong
 .text.CommandSetLButtonLong
                0x0000000000003832       0x2a Bin/Commands.o
                0x0000000000003832                CommandSetLButtonLong
 .text.CommandGetLedGreen
                0x000000000000385c        0xe Bin/Commands.o
                0x000000000000385c                CommandGetLedGreen
 .text.CommandSetLedGreen
                0x000000000000386a       0x2a Bin/Commands.o
                0x000000000000386a                CommandSetLedGreen
 .text.CommandGetLedRed
                0x0000000000003894        0xe Bin/Commands.o
                0x0000000000003894                CommandGetLedRed
 .text.CommandSetLedRed
                0x00000000000038a2       0x2a Bin/Commands.o
                0x00000000000038a2                CommandSetLedRed
 .text.CommandGetLogMode
                0x00000000000038cc        0xa Bin/Commands.o
                0x00000000000038cc                CommandGetLogMode
 .text.CommandSetLogMode
                0x00000000000038d6       0x2a Bin/Commands.o
                0x00000000000038d6                CommandSetLogMode
 .text.CommandGetLogMem
                0x0000000000003900       0x4a Bin/Commands.o
                0x0000000000003900                CommandGetLogMem
 .text.CommandExecLogDownload
                0x000000000000394a        0xa Bin/Commands.o
                0x000000000000394a                CommandExecLogDownload
 .text.CommandExecStoreLog
                0x0000000000003954        0x6 Bin/Commands.o
                0x0000000000003954                CommandExecStoreLog
 .text.CommandExecLogClear
                0x000000000000395a        0x6 Bin/Commands.o
                0x000000000000395a                CommandExecLogClear
 .text.CommandGetSetting
                0x0000000000003960        0xa Bin/Commands.o
                0x0000000000003960                CommandGetSetting
 .text.CommandSetSetting
                0x000000000000396a       0x10 Bin/Commands.o
                0x000000000000396a                CommandSetSetting
 .text.CommandExecClear
                0x000000000000397a        0x8 Bin/Commands.o
                0x000000000000397a                CommandExecClear
 .text.CommandExecStore
                0x0000000000003982        0x8 Bin/Commands.o
                0x0000000000003982                CommandExecStore
 .text.CommandExecRecall
                0x000000000000398a        0x8 Bin/Commands.o
                0x000000000000398a                CommandExecRecall
 .text.CommandGetCharging
                0x0000000000003992       0x10 Bin/Commands.o
                0x0000000000003992                CommandGetCharging
 .text.CommandExecHelp
                0x00000000000039a2       0x78 Bin/Commands.o
                0x00000000000039a2                CommandExecHelp
 .text.CommandGetRssi
                0x0000000000003a1a       0x66 Bin/Commands.o
                0x0000000000003a1a                CommandGetRssi
 .text.CommandGetSysTick
                0x0000000000003a80       0x38 Bin/Commands.o
                0x0000000000003a80                CommandGetSysTick
 .text.CommandExecParamSend
                0x0000000000003ab8      0x114 Bin/Commands.o
                0x0000000000003ab8                CommandExecParamSend
 .text.CommandExecParamSendRaw
                0x0000000000003bcc      0x13e Bin/Commands.o
                0x0000000000003bcc                CommandExecParamSendRaw
 .text.CommandExecDumpMFU
                0x0000000000003d0a       0x3a Bin/Commands.o
                0x0000000000003d0a                CommandExecDumpMFU
 .text.CommandExecGetUid
                0x0000000000003d44       0x3a Bin/Commands.o
                0x0000000000003d44                CommandExecGetUid
 .text.CommandExecIdentifyCard
                0x0000000000003d7e       0x3a Bin/Commands.o
                0x0000000000003d7e                CommandExecIdentifyCard
 .text.CommandGetTimeout
                0x0000000000003db8       0x40 Bin/Commands.o
                0x0000000000003db8                CommandGetTimeout
 .text.CommandSetTimeout
                0x0000000000003df8       0xa6 Bin/Commands.o
                0x0000000000003df8                CommandSetTimeout
 .text.CommandGetThreshold
                0x0000000000003e9e       0x34 Bin/Commands.o
                0x0000000000003e9e                CommandGetThreshold
 .text.CommandSetThreshold
                0x0000000000003ed2       0xaa Bin/Commands.o
                0x0000000000003ed2                CommandSetThreshold
 .text.CommandSetField
                0x0000000000003f7c       0x54 Bin/Commands.o
                0x0000000000003f7c                CommandSetField
 .text.CommandGetField
                0x0000000000003fd0       0x20 Bin/Commands.o
                0x0000000000003fd0                CommandGetField
 .text.CommandExecAutocalibrate
                0x0000000000003ff0       0x58 Bin/Commands.o
                0x0000000000003ff0                CommandExecAutocalibrate
 .text.XModemReceive
                0x0000000000004048       0x36 Bin/XModem.o
                0x0000000000004048                XModemReceive
 .text.XModemSend
                0x000000000000407e       0x2c Bin/XModem.o
                0x000000000000407e                XModemSend
 .text.XModemProcessByte
                0x00000000000040aa      0x2a0 Bin/XModem.o
                0x00000000000040aa                XModemProcessByte
 .text.XModemTick
                0x000000000000434a       0x76 Bin/XModem.o
                0x000000000000434a                XModemTick
 .text.GetStatusMessageP
                0x00000000000043c0       0x32 Bin/CommandLine.o
 .text.CommandLineProcessByte
                0x00000000000043f2      0x204 Bin/CommandLine.o
                0x00000000000043f2                CommandLineProcessByte
 .text.CommandLineTick
                0x00000000000045f6       0x70 Bin/CommandLine.o
                0x00000000000045f6                CommandLineTick
 .text.CommandLinePendingTaskBreak
                0x0000000000004666       0x34 Bin/CommandLine.o
                0x0000000000004666                CommandLinePendingTaskBreak
 .text.CommandLinePendingTaskFinished
                0x000000000000469a       0x3c Bin/CommandLine.o
                0x000000000000469a                CommandLinePendingTaskFinished
 .text.CommandLineAppendData
                0x00000000000046d6       0xa8 Bin/CommandLine.o
                0x00000000000046d6                CommandLineAppendData
 .text.CodecReaderFieldStart
                0x000000000000477e       0x4a Bin/Codec.o
                0x000000000000477e                CodecReaderFieldStart
 .text.CodecReaderFieldStop
                0x00000000000047c8       0x12 Bin/Codec.o
                0x00000000000047c8                CodecReaderFieldStop
 .text.CodecIsReaderFieldReady
                0x00000000000047da       0x48 Bin/Codec.o
                0x00000000000047da                CodecIsReaderFieldReady
 .text.CodecIsReaderToBeRestarted
                0x0000000000004822       0x4e Bin/Codec.o
                0x0000000000004822                CodecIsReaderToBeRestarted
 .text.CodecThresholdSet
                0x0000000000004870       0x16 Bin/Codec.o
                0x0000000000004870                CodecThresholdSet
 .text.CodecThresholdIncrement
                0x0000000000004886       0x20 Bin/Codec.o
                0x0000000000004886                CodecThresholdIncrement
 .text.CodecThresholdReset
                0x00000000000048a6       0x1a Bin/Codec.o
                0x00000000000048a6                CodecThresholdReset
 .text.StartDemod
                0x00000000000048c0       0x5c Bin/ISO14443-2A.o
 .text.isr_ISO14443_2A_TCD0_CCC_vect
                0x000000000000491c       0x3a Bin/ISO14443-2A.o
                0x000000000000491c                isr_ISO14443_2A_TCD0_CCC_vect
 .text.__vector_34
                0x0000000000004956       0x6c Bin/ISO14443-2A.o
                0x0000000000004956                __vector_34
 .text.__vector_79
                0x00000000000049c2      0x130 Bin/ISO14443-2A.o
                0x00000000000049c2                __vector_79
 .text.__vector_47
                0x0000000000004af2      0x182 Bin/ISO14443-2A.o
                0x0000000000004af2                __vector_47
 .text.ISO14443ACodecInit
                0x0000000000004c74      0x102 Bin/ISO14443-2A.o
                0x0000000000004c74                ISO14443ACodecInit
 .text.ISO14443ACodecDeInit
                0x0000000000004d76       0x3e Bin/ISO14443-2A.o
                0x0000000000004d76                ISO14443ACodecDeInit
 .text.ISO14443ACodecTask
                0x0000000000004db4      0x122 Bin/ISO14443-2A.o
                0x0000000000004db4                ISO14443ACodecTask
 .text.isr_Reader14443_2A_TCD0_CCC_vect
                0x0000000000004ed6       0x56 Bin/Reader14443-2A.o
                0x0000000000004ed6                isr_Reader14443_2A_TCD0_CCC_vect
 .text.Reader14443ACodecInit
                0x0000000000004f2c      0x110 Bin/Reader14443-2A.o
                0x0000000000004f2c                Reader14443ACodecInit
 .text.Reader14443ACodecDeInit
                0x000000000000503c       0x24 Bin/Reader14443-2A.o
                0x000000000000503c                Reader14443ACodecDeInit
 .text.__vector_81
                0x0000000000005060       0x6c Bin/Reader14443-2A.o
                0x0000000000005060                __vector_81
 .text.Reader14443AMillerEOC
                0x00000000000050cc       0x24 Bin/Reader14443-2A.o
                0x00000000000050cc                Reader14443AMillerEOC
 .text.__vector_85
                0x00000000000050f0      0x112 Bin/Reader14443-2A.o
                0x00000000000050f0                __vector_85
 .text.__vector_69
                0x0000000000005202       0x4a Bin/Reader14443-2A.o
                0x0000000000005202                __vector_69
 .text.__vector_49
                0x000000000000524c      0x138 Bin/Reader14443-2A.o
                0x000000000000524c                __vector_49
 .text.Reader14443ACodecTask
                0x0000000000005384      0x616 Bin/Reader14443-2A.o
                0x0000000000005384                Reader14443ACodecTask
 .text.Reader14443ACodecStart
                0x000000000000599a        0xe Bin/Reader14443-2A.o
                0x000000000000599a                Reader14443ACodecStart
 .text.Reader14443ACodecReset
                0x00000000000059a8       0xda Bin/Reader14443-2A.o
                0x00000000000059a8                Reader14443ACodecReset
 .text.isr_SniffISO14443_2A_CODEC_TIMER_LOADMOD_CCB_VECT
                0x0000000000005a82      0x16c Bin/SniffISO14443-2A.o
                0x0000000000005a82                isr_SniffISO14443_2A_CODEC_TIMER_LOADMOD_CCB_VECT
 .text.__vector_35
                0x0000000000005bee       0x5c Bin/SniffISO14443-2A.o
                0x0000000000005bee                __vector_35
 .text.__vector_82
                0x0000000000005c4a      0x23a Bin/SniffISO14443-2A.o
                0x0000000000005c4a                __vector_82
 .text.__vector_68
                0x0000000000005e84       0x4e Bin/SniffISO14443-2A.o
                0x0000000000005e84                __vector_68
 .text.__vector_50
                0x0000000000005ed2       0x6c Bin/SniffISO14443-2A.o
                0x0000000000005ed2                __vector_50
 .text.__vector_86
                0x0000000000005f3e      0x174 Bin/SniffISO14443-2A.o
                0x0000000000005f3e                __vector_86
 .text.Sniff14443ACodecInit
                0x00000000000060b2      0x17e Bin/SniffISO14443-2A.o
                0x00000000000060b2                Sniff14443ACodecInit
 .text.Sniff14443ACodecDeInit
                0x0000000000006230       0x42 Bin/SniffISO14443-2A.o
                0x0000000000006230                Sniff14443ACodecDeInit
 .text.Sniff14443ACodecTask
                0x0000000000006272      0x19a Bin/SniffISO14443-2A.o
                0x0000000000006272                Sniff14443ACodecTask
 .text.VerifyAuthentication
                0x000000000000640c       0x24 Bin/MifareUltralight.o
 .text.AppInitEV1Common
                0x0000000000006430       0x72 Bin/MifareUltralight.o
 .text.MifareUltralightAppInit
                0x00000000000064a2       0x28 Bin/MifareUltralight.o
                0x00000000000064a2                MifareUltralightAppInit
 .text.MifareUltralightEV11AppInit
                0x00000000000064ca        0x8 Bin/MifareUltralight.o
                0x00000000000064ca                MifareUltralightEV11AppInit
 .text.MifareUltralightEV12AppInit
                0x00000000000064d2        0x8 Bin/MifareUltralight.o
                0x00000000000064d2                MifareUltralightEV12AppInit
 .text.MifareUltralightAppReset
                0x00000000000064da        0x8 Bin/MifareUltralight.o
                0x00000000000064da                MifareUltralightAppReset
 .text.MifareUltralightAppTask
                0x00000000000064e2        0x2 Bin/MifareUltralight.o
                0x00000000000064e2                MifareUltralightAppTask
 .text.MifareUltralightAppProcess
                0x00000000000064e4      0x642 Bin/MifareUltralight.o
                0x00000000000064e4                MifareUltralightAppProcess
 .text.MifareUltralightGetUid
                0x0000000000006b26       0x26 Bin/MifareUltralight.o
                0x0000000000006b26                MifareUltralightGetUid
 .text.MifareUltralightSetUid
                0x0000000000006b4c       0x80 Bin/MifareUltralight.o
                0x0000000000006b4c                MifareUltralightSetUid
 .text.MifareClassicAppInit1K
                0x0000000000006bcc       0x1e Bin/MifareClassic.o
                0x0000000000006bcc                MifareClassicAppInit1K
 .text.MifareClassicAppInit1K7B
                0x0000000000006bea       0x1e Bin/MifareClassic.o
                0x0000000000006bea                MifareClassicAppInit1K7B
 .text.MifareClassicAppInit4K
                0x0000000000006c08       0x1e Bin/MifareClassic.o
                0x0000000000006c08                MifareClassicAppInit4K
 .text.MifareClassicAppInit4K7B
                0x0000000000006c26       0x1e Bin/MifareClassic.o
                0x0000000000006c26                MifareClassicAppInit4K7B
 .text.MifareClassicAppReset
                0x0000000000006c44        0x8 Bin/MifareClassic.o
                0x0000000000006c44                MifareClassicAppReset
 .text.MifareClassicAppTask
                0x0000000000006c4c        0x2 Bin/MifareClassic.o
                0x0000000000006c4c                MifareClassicAppTask
 .text.MifareClassicAppProcess
                0x0000000000006c4e      0xdee Bin/MifareClassic.o
                0x0000000000006c4e                MifareClassicAppProcess
 .text.MifareClassicGetUid
                0x0000000000007a3c       0x38 Bin/MifareClassic.o
                0x0000000000007a3c                MifareClassicGetUid
 .text.MifareClassicSetUid
                0x0000000000007a74       0x52 Bin/MifareClassic.o
                0x0000000000007a74                MifareClassicSetUid
 .text.ISO14443AAppendCRCA
                0x0000000000007ac6       0x56 Bin/ISO14443-3A.o
                0x0000000000007ac6                ISO14443AAppendCRCA
 .text.ISO14443ACheckCRCA
                0x0000000000007b1c       0x62 Bin/ISO14443-3A.o
                0x0000000000007b1c                ISO14443ACheckCRCA
 .text.Crypto1Setup
                0x0000000000007b7e      0x56c Bin/Crypto1.o
                0x0000000000007b7e                Crypto1Setup
 .text.Crypto1SetupNested
                0x00000000000080ea      0x5d8 Bin/Crypto1.o
                0x00000000000080ea                Crypto1SetupNested
 .text.Crypto1Auth
                0x00000000000086c2      0x444 Bin/Crypto1.o
                0x00000000000086c2                Crypto1Auth
 .text.Crypto1Nibble
                0x0000000000008b06      0x1ea Bin/Crypto1.o
                0x0000000000008b06                Crypto1Nibble
 .text.Crypto1ByteArray
                0x0000000000008cf0      0x3e4 Bin/Crypto1.o
                0x0000000000008cf0                Crypto1ByteArray
 .text.Crypto1ByteArrayWithParity
                0x00000000000090d4      0x48c Bin/Crypto1.o
                0x00000000000090d4                Crypto1ByteArrayWithParity
 .text.Crypto1PRNG
                0x0000000000009560      0x11e Bin/Crypto1.o
                0x0000000000009560                Crypto1PRNG
 .text.addParityBits
                0x000000000000967e       0xdc Bin/Reader14443A.o
                0x000000000000967e                addParityBits
 .text.Reader14443A_Deselect
                0x000000000000975a       0x2a Bin/Reader14443A.o
 .text.removeParityBits
                0x0000000000009784       0x9c Bin/Reader14443A.o
                0x0000000000009784                removeParityBits
 .text.checkParityBits
                0x0000000000009820       0xb0 Bin/Reader14443A.o
                0x0000000000009820                checkParityBits
 .text.Reader14443AAppInit
                0x00000000000098d0        0x6 Bin/Reader14443A.o
                0x00000000000098d0                Reader14443AAppInit
 .text.Reader14443AAppReset
                0x00000000000098d6        0xe Bin/Reader14443A.o
                0x00000000000098d6                Reader14443AAppReset
 .text.Reader14443AAppTimeout
                0x00000000000098e4        0xc Bin/Reader14443A.o
                0x00000000000098e4                Reader14443AAppTimeout
 .text.Reader14443AAppTask
                0x00000000000098f0        0x2 Bin/Reader14443A.o
                0x00000000000098f0                Reader14443AAppTask
 .text.Reader14443AAppTick
                0x00000000000098f2        0x2 Bin/Reader14443A.o
                0x00000000000098f2                Reader14443AAppTick
 .text.ISO14443_CRCA
                0x00000000000098f4       0x48 Bin/Reader14443A.o
                0x00000000000098f4                ISO14443_CRCA
 .text.Reader14443A_Select
                0x000000000000993c      0x22e Bin/Reader14443A.o
 .text.Identify
                0x0000000000009b6a      0x2ea Bin/Reader14443A.o
 .text.Reader14443AAppProcess
                0x0000000000009e54      0xa1c Bin/Reader14443A.o
                0x0000000000009e54                Reader14443AAppProcess
 .text.Sniff14443AAppInit
                0x000000000000a870       0x1c Bin/Sniff14443A.o
                0x000000000000a870                Sniff14443AAppInit
 .text.Sniff14443AAppReset
                0x000000000000a88c        0xa Bin/Sniff14443A.o
                0x000000000000a88c                Sniff14443AAppReset
 .text.Sniff14443AAppTask
                0x000000000000a896        0x2 Bin/Sniff14443A.o
                0x000000000000a896                Sniff14443AAppTask
 .text.Sniff14443AAppTick
                0x000000000000a898        0x2 Bin/Sniff14443A.o
                0x000000000000a898                Sniff14443AAppTick
 .text.Sniff14443AAppTimeout
                0x000000000000a89a        0x2 Bin/Sniff14443A.o
                0x000000000000a89a                Sniff14443AAppTimeout
 .text.Sniff14443AAppProcess
                0x000000000000a89c      0x27c Bin/Sniff14443A.o
                0x000000000000a89c                Sniff14443AAppProcess
 .text.isr_ISO15693_CODEC_DEMOD_IN_INT0_VECT
                0x000000000000ab18       0x12 Bin/ISO15693.o
                0x000000000000ab18                isr_ISO15693_CODEC_DEMOD_IN_INT0_VECT
 .text.isr_ISO15693_CODEC_TIMER_SAMPLING_CCC_VECT
                0x000000000000ab2a      0x1ca Bin/ISO15693.o
                0x000000000000ab2a                isr_ISO15693_CODEC_TIMER_SAMPLING_CCC_VECT
 .text.isr_ISO15693_CODEC_TIMER_LOADMOD_CCB_VECT
                0x000000000000acf4      0x2bc Bin/ISO15693.o
                0x000000000000acf4                isr_ISO15693_CODEC_TIMER_LOADMOD_CCB_VECT
 .text.StartISO15693Demod
                0x000000000000afb0       0x84 Bin/ISO15693.o
                0x000000000000afb0                StartISO15693Demod
 .text.ISO15693CodecInit
                0x000000000000b034      0x106 Bin/ISO15693.o
                0x000000000000b034                ISO15693CodecInit
 .text.ISO15693CodecDeInit
                0x000000000000b13a       0x64 Bin/ISO15693.o
                0x000000000000b13a                ISO15693CodecDeInit
 .text.ISO15693CodecTask
                0x000000000000b19e       0xf0 Bin/ISO15693.o
                0x000000000000b19e                ISO15693CodecTask
 .text.VicinityAppInit
                0x000000000000b28e        0x6 Bin/Vicinity.o
                0x000000000000b28e                VicinityAppInit
 .text.VicinityAppReset
                0x000000000000b294        0x6 Bin/Vicinity.o
                0x000000000000b294                VicinityAppReset
 .text.VicinityAppTask
                0x000000000000b29a        0x2 Bin/Vicinity.o
                0x000000000000b29a                VicinityAppTask
 .text.VicinityAppTick
                0x000000000000b29c        0x2 Bin/Vicinity.o
                0x000000000000b29c                VicinityAppTick
 .text.VicinityAppProcess
                0x000000000000b29e      0x1ae Bin/Vicinity.o
                0x000000000000b29e                VicinityAppProcess
 .text.VicinityGetUid
                0x000000000000b44c       0x12 Bin/Vicinity.o
                0x000000000000b44c                VicinityGetUid
 .text.VicinitySetUid
                0x000000000000b45e       0x12 Bin/Vicinity.o
                0x000000000000b45e                VicinitySetUid
 .text.Sl2s2002AppInit
                0x000000000000b470        0x6 Bin/Sl2s2002.o
                0x000000000000b470                Sl2s2002AppInit
 .text.Sl2s2002AppReset
                0x000000000000b476        0x6 Bin/Sl2s2002.o
                0x000000000000b476                Sl2s2002AppReset
 .text.Sl2s2002AppTask
                0x000000000000b47c        0x2 Bin/Sl2s2002.o
                0x000000000000b47c                Sl2s2002AppTask
 .text.Sl2s2002AppTick
                0x000000000000b47e        0x2 Bin/Sl2s2002.o
                0x000000000000b47e                Sl2s2002AppTick
 .text.Sl2s2002AppProcess
                0x000000000000b480      0x3e2 Bin/Sl2s2002.o
                0x000000000000b480                Sl2s2002AppProcess
 .text.Sl2s2002GetUid
                0x000000000000b862        0xe Bin/Sl2s2002.o
                0x000000000000b862                Sl2s2002GetUid
 .text.Sl2s2002SetUid
                0x000000000000b870        0xe Bin/Sl2s2002.o
                0x000000000000b870                Sl2s2002SetUid
 .text.TITagitstandardAppInit
                0x000000000000b87e        0x6 Bin/TITagitstandard.o
                0x000000000000b87e                TITagitstandardAppInit
 .text.TITagitstandardAppReset
                0x000000000000b884        0x6 Bin/TITagitstandard.o
                0x000000000000b884                TITagitstandardAppReset
 .text.TITagitstandardAppTask
                0x000000000000b88a        0x2 Bin/TITagitstandard.o
                0x000000000000b88a                TITagitstandardAppTask
 .text.TITagitstandardAppTick
                0x000000000000b88c        0x2 Bin/TITagitstandard.o
                0x000000000000b88c                TITagitstandardAppTick
 .text.TITagitstandardAppProcess
                0x000000000000b88e      0x270 Bin/TITagitstandard.o
                0x000000000000b88e                TITagitstandardAppProcess
 .text.TITagitstandardGetUid
                0x000000000000bafe        0xe Bin/TITagitstandard.o
                0x000000000000bafe                TITagitstandardGetUid
 .text.TITagitstandardSetUid
                0x000000000000bb0c        0xe Bin/TITagitstandard.o
                0x000000000000bb0c                TITagitstandardSetUid
 .text.calculateCRC
                0x000000000000bb1a       0x3e Bin/ISO15693-A.o
                0x000000000000bb1a                calculateCRC
 .text.ISO15693AppendCRC
                0x000000000000bb58       0x20 Bin/ISO15693-A.o
                0x000000000000bb58                ISO15693AppendCRC
 .text.ISO15693CheckCRC
                0x000000000000bb78       0x2c Bin/ISO15693-A.o
                0x000000000000bb78                ISO15693CheckCRC
 .text.USB_Device_ProcessControlRequest
                0x000000000000bba4      0x240 Bin/DeviceStandardReq.o
                0x000000000000bba4                USB_Device_ProcessControlRequest
 .text.USB_Event_Stub
                0x000000000000bde4        0x2 Bin/Events.o
                0x000000000000bde4                EVENT_USB_Device_WakeUp
                0x000000000000bde4                USB_Event_Stub
                0x000000000000bde4                EVENT_USB_Device_Suspend
                0x000000000000bde4                EVENT_USB_Device_StartOfFrame
                0x000000000000bde4                EVENT_USB_Device_Reset
 .text.USB_USBTask
                0x000000000000bde6       0x22 Bin/USBTask.o
                0x000000000000bde6                USB_USBTask
 .text.Endpoint_Write_Stream_LE
                0x000000000000be08       0x9a Bin/EndpointStream_XMEGA.o
                0x000000000000be08                Endpoint_Write_Stream_LE
 .text.Endpoint_Write_Control_Stream_LE
                0x000000000000bea2       0xf8 Bin/EndpointStream_XMEGA.o
                0x000000000000bea2                Endpoint_Write_Control_Stream_LE
 .text.Endpoint_Write_Control_PStream_LE
                0x000000000000bf9a       0xfc Bin/EndpointStream_XMEGA.o
                0x000000000000bf9a                Endpoint_Write_Control_PStream_LE
 .text.Endpoint_ClearIN
                0x000000000000c096       0x32 Bin/Endpoint_XMEGA.o
                0x000000000000c096                Endpoint_ClearIN
 .text.Endpoint_ClearOUT
                0x000000000000c0c8       0x1e Bin/Endpoint_XMEGA.o
                0x000000000000c0c8                Endpoint_ClearOUT
 .text.Endpoint_Read_8
                0x000000000000c0e6       0x20 Bin/Endpoint_XMEGA.o
                0x000000000000c0e6                Endpoint_Read_8
 .text.Endpoint_Write_8
                0x000000000000c106       0x20 Bin/Endpoint_XMEGA.o
                0x000000000000c106                Endpoint_Write_8
 .text.Endpoint_SelectEndpoint
                0x000000000000c126       0x6a Bin/Endpoint_XMEGA.o
                0x000000000000c126                Endpoint_SelectEndpoint
 .text.Endpoint_IsINReady
                0x000000000000c190       0x18 Bin/Endpoint_XMEGA.o
                0x000000000000c190                Endpoint_IsINReady
 .text.Endpoint_IsOUTReceived
                0x000000000000c1a8       0x34 Bin/Endpoint_XMEGA.o
                0x000000000000c1a8                Endpoint_IsOUTReceived
 .text.Endpoint_IsSETUPReceived
                0x000000000000c1dc       0x34 Bin/Endpoint_XMEGA.o
                0x000000000000c1dc                Endpoint_IsSETUPReceived
 .text.Endpoint_ClearSETUP
                0x000000000000c210       0x58 Bin/Endpoint_XMEGA.o
                0x000000000000c210                Endpoint_ClearSETUP
 .text.Endpoint_StallTransaction
                0x000000000000c268       0x36 Bin/Endpoint_XMEGA.o
                0x000000000000c268                Endpoint_StallTransaction
 .text.Endpoint_ConfigureEndpoint_PRV
                0x000000000000c29e       0x7a Bin/Endpoint_XMEGA.o
                0x000000000000c29e                Endpoint_ConfigureEndpoint_PRV
 .text.Endpoint_ConfigureEndpointTable
                0x000000000000c318       0xc6 Bin/Endpoint_XMEGA.o
                0x000000000000c318                Endpoint_ConfigureEndpointTable
 .text.Endpoint_ClearEndpoints
                0x000000000000c3de       0x38 Bin/Endpoint_XMEGA.o
                0x000000000000c3de                Endpoint_ClearEndpoints
 .text.Endpoint_ClearStatusStage
                0x000000000000c416       0x2c Bin/Endpoint_XMEGA.o
                0x000000000000c416                Endpoint_ClearStatusStage
 .text.Endpoint_WaitUntilReady
                0x000000000000c442       0x84 Bin/Endpoint_XMEGA.o
                0x000000000000c442                Endpoint_WaitUntilReady
 .text.USB_Disable
                0x000000000000c4c6       0x1a Bin/USBController_XMEGA.o
                0x000000000000c4c6                USB_Disable
 .text.USB_ResetInterface
                0x000000000000c4e0       0x5c Bin/USBController_XMEGA.o
                0x000000000000c4e0                USB_ResetInterface
 .text.USB_Init
                0x000000000000c53c       0x52 Bin/USBController_XMEGA.o
                0x000000000000c53c                USB_Init
 .text.USB_INT_DisableAllInterrupts
                0x000000000000c58e        0xe Bin/USBInterrupt_XMEGA.o
                0x000000000000c58e                USB_INT_DisableAllInterrupts
 .text.USB_INT_ClearAllInterrupts
                0x000000000000c59c        0xc Bin/USBInterrupt_XMEGA.o
                0x000000000000c59c                USB_INT_ClearAllInterrupts
 .text.__vector_125
                0x000000000000c5a8       0xf0 Bin/USBInterrupt_XMEGA.o
                0x000000000000c5a8                __vector_125
 .text.CDC_Device_ConfigureEndpoints
                0x000000000000c698       0x4a Bin/CDCClassDevice.o
                0x000000000000c698                CDC_Device_ConfigureEndpoints
 .text.CDC_Device_SendString
                0x000000000000c6e2       0x54 Bin/CDCClassDevice.o
                0x000000000000c6e2                CDC_Device_SendString
 .text.CDC_Device_SendData
                0x000000000000c736       0x48 Bin/CDCClassDevice.o
                0x000000000000c736                CDC_Device_SendData
 .text.CDC_Device_SendByte
                0x000000000000c77e       0x52 Bin/CDCClassDevice.o
                0x000000000000c77e                CDC_Device_SendByte
 .text.CDC_Device_Flush
                0x000000000000c7d0       0x78 Bin/CDCClassDevice.o
                0x000000000000c7d0                CDC_Device_Flush
 .text.CDC_Device_USBTask
                0x000000000000c848       0x38 Bin/CDCClassDevice.o
                0x000000000000c848                CDC_Device_USBTask
 .text.CDC_Device_ReceiveByte
                0x000000000000c880       0xa4 Bin/CDCClassDevice.o
                0x000000000000c880                CDC_Device_ReceiveByte
 .text.CDC_Device_Event_Stub
                0x000000000000c924        0x2 Bin/CDCClassDevice.o
                0x000000000000c924                EVENT_CDC_Device_LineEncodingChanged
                0x000000000000c924                EVENT_CDC_Device_ControLineStateChanged
                0x000000000000c924                EVENT_CDC_Device_BreakSent
                0x000000000000c924                CDC_Device_Event_Stub
 .text.CDC_Device_ProcessControlRequest
                0x000000000000c926      0x13c Bin/CDCClassDevice.o
                0x000000000000c926                CDC_Device_ProcessControlRequest
 .text.libgcc.div
                0x000000000000ca62       0x28 /usr/lib/gcc/avr/4.9.2/avrxmega7/libgcc.a(_udivmodhi4.o)
                0x000000000000ca62                __udivmodhi4
 .text.libgcc.mul
                0x000000000000ca8a        0xc /usr/lib/gcc/avr/4.9.2/avrxmega7/libgcc.a(_mulshisi3.o)
                0x000000000000ca8a                __mulshisi3
                0x000000000000ca8e                __mulohisi3
 .text.libgcc.mul
                0x000000000000ca96       0x14 /usr/lib/gcc/avr/4.9.2/avrxmega7/libgcc.a(_muluhisi3.o)
                0x000000000000ca96                __muluhisi3
 .text.libgcc.mul
                0x000000000000caaa       0x1e /usr/lib/gcc/avr/4.9.2/avrxmega7/libgcc.a(_umulhisi3.o)
                0x000000000000caaa                __umulhisi3
 .text.avr-libc
                0x000000000000cac8       0xaa /usr/lib/gcc/avr/4.9.2/../../../avr/lib/avrxmega7/libc.a(rand.o)
                0x000000000000cb54                rand_r
                0x000000000000cb56                rand
                0x000000000000cb5c                srand
 .text.avr-libc
                0x000000000000cb72       0x12 /usr/lib/gcc/avr/4.9.2/../../../avr/lib/avrxmega7/libc.a(memcpy_P.o)
                0x000000000000cb72                memcpy_P
 .text.avr-libc
                0x000000000000cb84       0x12 /usr/lib/gcc/avr/4.9.2/../../../avr/lib/avrxmega7/libc.a(strcmp_P.o)
                0x000000000000cb84                strcmp_P
 .text.avr-libc
                0x000000000000cb96       0x1e /usr/lib/gcc/avr/4.9.2/../../../avr/lib/avrxmega7/libc.a(strncpy_P.o)
                0x000000000000cb96                strncpy_P
 .text.avr-libc
                0x000000000000cbb4       0x1a /usr/lib/gcc/avr/4.9.2/../../../avr/lib/avrxmega7/libc.a(memcmp.o)
                0x000000000000cbb4                memcmp
 .text.avr-libc
                0x000000000000cbce       0x12 /usr/lib/gcc/avr/4.9.2/../../../avr/lib/avrxmega7/libc.a(memcpy.o)
                0x000000000000cbce                memcpy
 .text.avr-libc
                0x000000000000cbe0       0x22 /usr/lib/gcc/avr/4.9.2/../../../avr/lib/avrxmega7/libc.a(memmove.o)
                0x000000000000cbe0                memmove
 .text.avr-libc
                0x000000000000cc02        0xe /usr/lib/gcc/avr/4.9.2/../../../avr/lib/avrxmega7/libc.a(memset.o)
                0x000000000000cc02                memset
 .text.avr-libc
                0x000000000000cc10       0x16 /usr/lib/gcc/avr/4.9.2/../../../avr/lib/avrxmega7/libc.a(strchr.o)
                0x000000000000cc10                strchr
 .text.avr-libc
                0x000000000000cc26        0xe /usr/lib/gcc/avr/4.9.2/../../../avr/lib/avrxmega7/libc.a(strcpy.o)
                0x000000000000cc26                strcpy
 .text.avr-libc
                0x000000000000cc34       0x6c /usr/lib/gcc/avr/4.9.2/../../../avr/lib/avrxmega7/libc.a(snprintf.o)
                0x000000000000cc34                snprintf
 .text.avr-libc
                0x000000000000cca0       0x6c /usr/lib/gcc/avr/4.9.2/../../../avr/lib/avrxmega7/libc.a(snprintf_p.o)
                0x000000000000cca0                snprintf_P
 .text.avr-libc
                0x000000000000cd0c       0x36 /usr/lib/gcc/avr/4.9.2/../../../avr/lib/avrxmega7/libc.a(sscanf_p.o)
                0x000000000000cd0c                sscanf_P
 .text.avr-libc
                0x000000000000cd42      0x3d0 /usr/lib/gcc/avr/4.9.2/../../../avr/lib/avrxmega7/libc.a(vfprintf_std.o)
                0x000000000000cd42                vfprintf
 .text.avr-libc
                0x000000000000d112      0x582 /usr/lib/gcc/avr/4.9.2/../../../avr/lib/avrxmega7/libc.a(vfscanf_std.o)
                0x000000000000d454                vfscanf
 .text.avr-libc
                0x000000000000d694       0x10 /usr/lib/gcc/avr/4.9.2/../../../avr/lib/avrxmega7/libc.a(isspace.o)
                0x000000000000d694                isspace
 .text.avr-libc
                0x000000000000d6a4       0x16 /usr/lib/gcc/avr/4.9.2/../../../avr/lib/avrxmega7/libc.a(strchr_P.o)
                0x000000000000d6a4                strchr_P
 .text.avr-libc
                0x000000000000d6ba       0x16 /usr/lib/gcc/avr/4.9.2/../../../avr/lib/avrxmega7/libc.a(strnlen_P.o)
                0x000000000000d6ba                strnlen_P
 .text.avr-libc
                0x000000000000d6d0       0x16 /usr/lib/gcc/avr/4.9.2/../../../avr/lib/avrxmega7/libc.a(strnlen.o)
                0x000000000000d6d0                strnlen
 .text.avr-libc
                0x000000000000d6e6       0x7c /usr/lib/gcc/avr/4.9.2/../../../avr/lib/avrxmega7/libc.a(fgetc.o)
                0x000000000000d6e6                fgetc
 .text.avr-libc
                0x000000000000d762       0x70 /usr/lib/gcc/avr/4.9.2/../../../avr/lib/avrxmega7/libc.a(fputc.o)
                0x000000000000d762                fputc
 .text.avr-libc
                0x000000000000d7d2       0x32 /usr/lib/gcc/avr/4.9.2/../../../avr/lib/avrxmega7/libc.a(ungetc.o)
                0x000000000000d7d2                ungetc
 .text.avr-libc
                0x000000000000d804       0xbc /usr/lib/gcc/avr/4.9.2/../../../avr/lib/avrxmega7/libc.a(ultoa_invert.o)
                0x000000000000d804                __ultoa_invert
 .text.avr-libc
                0x000000000000d8c0        0x6 /usr/lib/gcc/avr/4.9.2/../../../avr/lib/avrxmega7/libc.a(cty_isfalse.o)
                0x000000000000d8c0                __ctype_isfalse
                0x000000000000d8c4                __ctype_istrue
 .text.avr-libc
                0x000000000000d8c6       0x20 /usr/lib/gcc/avr/4.9.2/../../../avr/lib/avrxmega7/libatxmega128a4u.a(eerd_byte.o)
                0x000000000000d8c6                eeprom_read_byte
                0x000000000000d8ce                eeprom_mapen
 .text.avr-libc
                0x000000000000d8e6       0x12 /usr/lib/gcc/avr/4.9.2/../../../avr/lib/avrxmega7/libatxmega128a4u.a(eeupd_byte.o)
                0x000000000000d8e6                eeprom_update_byte
                0x000000000000d8e8                eeprom_update_r18
 .text.avr-libc
                0x000000000000d8f8        0x8 /usr/lib/gcc/avr/4.9.2/../../../avr/lib/avrxmega7/libatxmega128a4u.a(eeupd_word.o)
                0x000000000000d8f8                eeprom_update_word
 .text.avr-libc
                0x000000000000d900       0x46 /usr/lib/gcc/avr/4.9.2/../../../avr/lib/avrxmega7/libatxmega128a4u.a(eewr_byte.o)
                0x000000000000d900                eeprom_write_byte
                0x000000000000d902                eeprom_write_r18
 .text.libgcc.div
                0x000000000000d946       0x28 /usr/lib/gcc/avr/4.9.2/avrxmega7/libgcc.a(_divmodsi4.o)
                0x000000000000d946                __divmodsi4
 .text.libgcc.div
                0x000000000000d96e       0x10 /usr/lib/gcc/avr/4.9.2/avrxmega7/libgcc.a(_negsi2.o)
                0x000000000000d96e                __negsi2
 .text.libgcc.div
                0x000000000000d97e       0x44 /usr/lib/gcc/avr/4.9.2/avrxmega7/libgcc.a(_udivmodsi4.o)
                0x000000000000d97e                __udivmodsi4
                0x000000000000d9c2                . = ALIGN (0x2)
 *(.fini9)
 .fini9         0x000000000000d9c2        0x0 /usr/lib/gcc/avr/4.9.2/avrxmega7/libgcc.a(_exit.o)
                0x000000000000d9c2                exit
                0x000000000000d9c2                _exit
 *(.fini9)
 *(.fini8)
 *(.fini8)
 *(.fini7)
 *(.fini7)
 *(.fini6)
 *(.fini6)
 *(.fini5)
 *(.fini5)
 *(.fini4)
 *(.fini4)
 *(.fini3)
 *(.fini3)
 *(.fini2)
 *(.fini2)
 *(.fini1)
 *(.fini1)
 *(.fini0)
 .fini0         0x000000000000d9c2        0x4 /usr/lib/gcc/avr/4.9.2/avrxmega7/libgcc.a(_exit.o)
 *(.fini0)
                0x000000000000d9c6                _etext = .

.data           0x0000000000802000      0x474 load address 0x000000000000d9c6
                0x0000000000802000                PROVIDE (__data_start, .)
 *(.data)
 .data          0x0000000000802000        0x2 Bin/Log.o
 .data          0x0000000000802002       0x1c Bin/Terminal.o
                0x0000000000802003                TerminalHandle
 .data          0x000000000080201e        0x2 Bin/Codec.o
                0x000000000080201e                Reader_FWT
 .data          0x0000000000802020        0x2 Bin/Sniff14443A.o
 .data          0x0000000000802022        0x8 Bin/Vicinity.o
                0x0000000000802022                MyUid
 .data          0x000000000080202a        0x4 /usr/lib/gcc/avr/4.9.2/../../../avr/lib/avrxmega7/libc.a(rand.o)
 *(.data*)
 *(.rodata)
 .rodata        0x000000000080202e       0x1a Bin/ISO14443-2A.o
 .rodata        0x0000000000802048       0x10 Bin/MifareClassic.o
 .rodata        0x0000000000802058      0x360 Bin/Crypto1.o
 .rodata        0x00000000008023b8       0x18 Bin/ISO15693.o
 *(.rodata*)
 .rodata.str1.1
                0x00000000008023d0        0x0 Bin/Commands.o
                                          0x1 (size before relaxing)
 .rodata.str1.1
                0x00000000008023d0       0x9d Bin/Reader14443A.o
 .rodata.str1.1
                0x000000000080246d        0x6 Bin/Sniff14443A.o
                                          0xc (size before relaxing)
 *(.gnu.linkonce.d*)
                0x0000000000802474                . = ALIGN (0x2)
 *fill*         0x0000000000802473        0x1 
                0x0000000000802474                _edata = .
                0x0000000000802474                PROVIDE (__data_end, .)

.bss            0x0000000000802474     0x12ec
                0x0000000000802474                PROVIDE (__bss_start, .)
 *(.bss)
 .bss           0x0000000000802474        0x1 Bin/Memory.o
 .bss           0x0000000000802475        0x2 Bin/Button.o
 .bss           0x0000000000802477      0x805 Bin/Log.o
 .bss           0x0000000000802c7c        0x4 Bin/LED.o
                0x0000000000802c7c                LEDRedAction
                0x0000000000802c7d                LEDGreenAction
 .bss           0x0000000000802c80        0x1 Bin/Terminal.o
                0x0000000000802c80                TerminalState
 .bss           0x0000000000802c81        0xf Bin/XModem.o
 .bss           0x0000000000802c90        0x7 Bin/CommandLine.o
                0x0000000000802c90                CommandLinePendingTaskTimeout
 .bss           0x0000000000802c97        0x9 Bin/Codec.o
 .bss           0x0000000000802ca0        0x2 Bin/ISO14443-2A.o
 .bss           0x0000000000802ca2        0x6 Bin/Reader14443-2A.o
 .bss           0x0000000000802ca8        0xa Bin/SniffISO14443-2A.o
 .bss           0x0000000000802cb2        0x9 Bin/MifareUltralight.o
 .bss           0x0000000000802cbb       0x24 Bin/MifareClassic.o
 .bss           0x0000000000802cdf        0x6 Bin/Crypto1.o
 .bss           0x0000000000802ce5       0xdc Bin/Reader14443A.o
                0x0000000000802ce5                Reader14443CurrentCommand
 .bss           0x0000000000802dc1       0x7a Bin/Sniff14443A.o
                0x0000000000802dc1                Sniff14443CurrentCommand
 .bss           0x0000000000802e3b        0xf Bin/ISO15693.o
 .bss           0x0000000000802e4a        0x1 Bin/Vicinity.o
 .bss           0x0000000000802e4b        0x1 Bin/Sl2s2002.o
 .bss           0x0000000000802e4c        0x1 Bin/TITagitstandard.o
 *(.bss*)
 *(COMMON)
 COMMON         0x0000000000802e4d      0x109 Bin/Chameleon-Mini.o
                0x0000000000802e4d                TrafficSource
                0x0000000000802e4e                isr_func_CODEC_TIMER_LOADMOD_CCB_VECT
                0x0000000000802e50                isr_func_TCD0_CCC_vect
                0x0000000000802e52                ReaderSendBuffer
                0x0000000000802f52                isr_func_CODEC_DEMOD_IN_INT0_VECT
                0x0000000000802f54                ReaderSendBitCount
 COMMON         0x0000000000802f56       0x18 Bin/Configuration.o
                0x0000000000802f56                ActiveConfiguration
 COMMON         0x0000000000802f6e        0x2 Bin/Log.o
                0x0000000000802f6e                CurrentLogFunc
 COMMON         0x0000000000802f70       0x63 Bin/Settings.o
                0x0000000000802f70                GlobalSettings
 COMMON         0x0000000000802fd3      0x200 Bin/Terminal.o
                0x0000000000802fd3                TerminalBuffer
 COMMON         0x00000000008031d3      0x200 Bin/Codec.o
                0x00000000008031d3                CodecBuffer
                0x00000000008032d3                CodecBuffer2
 COMMON         0x00000000008033d3        0x3 Bin/DeviceStandardReq.o
                0x00000000008033d3                USB_Device_ConfigurationNumber
                0x00000000008033d4                USB_Device_CurrentlySelfPowered
                0x00000000008033d5                USB_Device_RemoteWakeupEnabled
 COMMON         0x00000000008033d6        0xa Bin/USBTask.o
                0x00000000008033d6                USB_IsInitialized
                0x00000000008033d7                USB_DeviceState
                0x00000000008033d8                USB_ControlRequest
 COMMON         0x00000000008033e0      0x31d Bin/Endpoint_XMEGA.o
                0x00000000008033e0                USB_Endpoint_SelectedFIFO
                0x00000000008033e2                USB_Endpoint_SelectedHandle
                0x00000000008033e4                USB_Endpoint_SelectedEndpoint
                0x00000000008033e5                USB_Endpoint_FIFOs
 COMMON         0x00000000008036fd       0x63 Bin/USBController_XMEGA.o
                0x00000000008036fd                USB_EndpointTable
                0x0000000000803760                PROVIDE (__bss_end, .)
                0x000000000000d9c6                __data_load_start = LOADADDR (.data)
                0x000000000000de3a                __data_load_end = (__data_load_start + SIZEOF (.data))

.noinit         0x0000000000803760        0x0
                0x0000000000803760                PROVIDE (__noinit_start, .)
 *(.noinit*)
                0x0000000000803760                PROVIDE (__noinit_end, .)
                0x0000000000803760                _end = .
                0x0000000000803760                PROVIDE (__heap_start, .)

.eeprom         0x0000000000810000       0x64
 *(.eeprom*)
 .eeprom        0x0000000000810000        0x1 Bin/Log.o
 .eeprom        0x0000000000810001       0x63 Bin/Settings.o
                0x0000000000810001                StoredSettings
                0x0000000000810064                __eeprom_end = .

.fuse
 *(.fuse)
 *(.lfuse)
 *(.hfuse)
 *(.efuse)

.lock
 *(.lock*)

.signature
 *(.signature*)

.user_signatures
 *(.user_signatures*)

.stab
 *(.stab)

.stabstr
 *(.stabstr)

.stab.excl
 *(.stab.excl)

.stab.exclstr
 *(.stab.exclstr)

.stab.index
 *(.stab.index)

.stab.indexstr
 *(.stab.indexstr)

.comment        0x0000000000000000       0x11
 *(.comment)
 .comment       0x0000000000000000       0x11 Bin/Chameleon-Mini.o
                                         0x12 (size before relaxing)
 .comment       0x0000000000000011       0x12 Bin/LUFADescriptors.o
 .comment       0x0000000000000011       0x12 Bin/System.o
 .comment       0x0000000000000011       0x12 Bin/Configuration.o
 .comment       0x0000000000000011       0x12 Bin/Random.o
 .comment       0x0000000000000011       0x12 Bin/Common.o
 .comment       0x0000000000000011       0x12 Bin/Memory.o
 .comment       0x0000000000000011       0x12 Bin/Button.o
 .comment       0x0000000000000011       0x12 Bin/Log.o
 .comment       0x0000000000000011       0x12 Bin/Settings.o
 .comment       0x0000000000000011       0x12 Bin/LED.o
 .comment       0x0000000000000011       0x12 Bin/Map.o
 .comment       0x0000000000000011       0x12 Bin/AntennaLevel.o
 .comment       0x0000000000000011       0x12 Bin/Terminal.o
 .comment       0x0000000000000011       0x12 Bin/Commands.o
 .comment       0x0000000000000011       0x12 Bin/XModem.o
 .comment       0x0000000000000011       0x12 Bin/CommandLine.o
 .comment       0x0000000000000011       0x12 Bin/Codec.o
 .comment       0x0000000000000011       0x12 Bin/ISO14443-2A.o
 .comment       0x0000000000000011       0x12 Bin/Reader14443-2A.o
 .comment       0x0000000000000011       0x12 Bin/SniffISO14443-2A.o
 .comment       0x0000000000000011       0x12 Bin/MifareUltralight.o
 .comment       0x0000000000000011       0x12 Bin/MifareClassic.o
 .comment       0x0000000000000011       0x12 Bin/ISO14443-3A.o
 .comment       0x0000000000000011       0x12 Bin/Crypto1.o
 .comment       0x0000000000000011       0x12 Bin/Reader14443A.o
 .comment       0x0000000000000011       0x12 Bin/Sniff14443A.o
 .comment       0x0000000000000011       0x12 Bin/ISO15693.o
 .comment       0x0000000000000011       0x12 Bin/Vicinity.o
 .comment       0x0000000000000011       0x12 Bin/Sl2s2002.o
 .comment       0x0000000000000011       0x12 Bin/TITagitstandard.o
 .comment       0x0000000000000011       0x12 Bin/ISO15693-A.o
 .comment       0x0000000000000011       0x12 Bin/DeviceStandardReq.o
 .comment       0x0000000000000011       0x12 Bin/Events.o
 .comment       0x0000000000000011       0x12 Bin/USBTask.o
 .comment       0x0000000000000011       0x12 Bin/EndpointStream_XMEGA.o
 .comment       0x0000000000000011       0x12 Bin/Endpoint_XMEGA.o
 .comment       0x0000000000000011       0x12 Bin/USBController_XMEGA.o
 .comment       0x0000000000000011       0x12 Bin/USBInterrupt_XMEGA.o
 .comment       0x0000000000000011       0x12 Bin/CDCClassDevice.o
 .comment       0x0000000000000011       0x12 /usr/lib/gcc/avr/4.9.2/../../../avr/lib/avrxmega7/libc.a(rand.o)
 .comment       0x0000000000000011       0x12 /usr/lib/gcc/avr/4.9.2/../../../avr/lib/avrxmega7/libc.a(snprintf.o)
 .comment       0x0000000000000011       0x12 /usr/lib/gcc/avr/4.9.2/../../../avr/lib/avrxmega7/libc.a(snprintf_p.o)
 .comment       0x0000000000000011       0x12 /usr/lib/gcc/avr/4.9.2/../../../avr/lib/avrxmega7/libc.a(sscanf_p.o)
 .comment       0x0000000000000011       0x12 /usr/lib/gcc/avr/4.9.2/../../../avr/lib/avrxmega7/libc.a(vfprintf_std.o)
 .comment       0x0000000000000011       0x12 /usr/lib/gcc/avr/4.9.2/../../../avr/lib/avrxmega7/libc.a(vfscanf_std.o)
 .comment       0x0000000000000011       0x12 /usr/lib/gcc/avr/4.9.2/../../../avr/lib/avrxmega7/libc.a(fgetc.o)
 .comment       0x0000000000000011       0x12 /usr/lib/gcc/avr/4.9.2/../../../avr/lib/avrxmega7/libc.a(fputc.o)
 .comment       0x0000000000000011       0x12 /usr/lib/gcc/avr/4.9.2/../../../avr/lib/avrxmega7/libc.a(ungetc.o)

.note.gnu.avr.deviceinfo
                0x0000000000000000       0x40
 .note.gnu.avr.deviceinfo
                0x0000000000000000       0x40 /usr/lib/gcc/avr/4.9.2/../../../avr/lib/avrxmega7/crtatxmega128a4u.o

.note.gnu.build-id
 *(.note.gnu.build-id)

.debug
 *(.debug)

.line
 *(.line)

.debug_srcinfo
 *(.debug_srcinfo)

.debug_sfnames
 *(.debug_sfnames)

.debug_aranges  0x0000000000000000      0xe98
 *(.debug_aranges)
 .debug_aranges
                0x0000000000000000       0x20 Bin/Chameleon-Mini.o
 .debug_aranges
                0x0000000000000020       0x20 Bin/LUFADescriptors.o
 .debug_aranges
                0x0000000000000040       0x58 Bin/System.o
 .debug_aranges
                0x0000000000000098       0x90 Bin/Configuration.o
 .debug_aranges
                0x0000000000000128       0x38 Bin/Random.o
 .debug_aranges
                0x0000000000000160       0x28 Bin/Common.o
 .debug_aranges
                0x0000000000000188       0x78 Bin/Memory.o
 .debug_aranges
                0x0000000000000200       0x28 Bin/MemoryAsm.o
 .debug_aranges
                0x0000000000000228       0x50 Bin/Button.o
 .debug_aranges
                0x0000000000000278       0x88 Bin/Log.o
 .debug_aranges
                0x0000000000000300       0x50 Bin/Settings.o
 .debug_aranges
                0x0000000000000350       0x48 Bin/LED.o
 .debug_aranges
                0x0000000000000398       0x30 Bin/Map.o
 .debug_aranges
                0x00000000000003c8       0x20 Bin/AntennaLevel.o
 .debug_aranges
                0x00000000000003e8       0x68 Bin/Terminal.o
 .debug_aranges
                0x0000000000000450      0x1c0 Bin/Commands.o
 .debug_aranges
                0x0000000000000610       0x38 Bin/XModem.o
 .debug_aranges
                0x0000000000000648       0x50 Bin/CommandLine.o
 .debug_aranges
                0x0000000000000698       0x58 Bin/Codec.o
 .debug_aranges
                0x00000000000006f0       0x58 Bin/ISO14443-2A.o
 .debug_aranges
                0x0000000000000748       0x70 Bin/Reader14443-2A.o
 .debug_aranges
                0x00000000000007b8       0x60 Bin/SniffISO14443-2A.o
 .debug_aranges
                0x0000000000000818       0x20 Bin/Reader14443-ISR.o
 .debug_aranges
                0x0000000000000838       0x68 Bin/MifareUltralight.o
 .debug_aranges
                0x00000000000008a0       0x60 Bin/MifareClassic.o
 .debug_aranges
                0x0000000000000900       0x28 Bin/ISO14443-3A.o
 .debug_aranges
                0x0000000000000928       0x70 Bin/Crypto1.o
 .debug_aranges
                0x0000000000000998       0x80 Bin/Reader14443A.o
 .debug_aranges
                0x0000000000000a18       0x48 Bin/Sniff14443A.o
 .debug_aranges
                0x0000000000000a60       0x50 Bin/ISO15693.o
 .debug_aranges
                0x0000000000000ab0       0x58 Bin/Vicinity.o
 .debug_aranges
                0x0000000000000b08       0x50 Bin/Sl2s2002.o
 .debug_aranges
                0x0000000000000b58       0x50 Bin/TITagitstandard.o
 .debug_aranges
                0x0000000000000ba8       0x30 Bin/ISO15693-A.o
 .debug_aranges
                0x0000000000000bd8       0x20 Bin/DeviceStandardReq.o
 .debug_aranges
                0x0000000000000bf8       0x20 Bin/Events.o
 .debug_aranges
                0x0000000000000c18       0x20 Bin/USBTask.o
 .debug_aranges
                0x0000000000000c38       0xc8 Bin/EndpointStream_XMEGA.o
 .debug_aranges
                0x0000000000000d00       0x90 Bin/Endpoint_XMEGA.o
 .debug_aranges
                0x0000000000000d90       0x30 Bin/USBController_XMEGA.o
 .debug_aranges
                0x0000000000000dc0       0x30 Bin/USBInterrupt_XMEGA.o
 .debug_aranges
                0x0000000000000df0       0xa8 Bin/CDCClassDevice.o

.debug_pubnames
 *(.debug_pubnames)

.debug_info     0x0000000000000000    0x314bd
 *(.debug_info .gnu.linkonce.wi.*)
 .debug_info    0x0000000000000000     0x250e Bin/Chameleon-Mini.o
 .debug_info    0x000000000000250e      0x95d Bin/LUFADescriptors.o
 .debug_info    0x0000000000002e6b      0xcf5 Bin/System.o
 .debug_info    0x0000000000003b60      0xf56 Bin/Configuration.o
 .debug_info    0x0000000000004ab6      0x1a6 Bin/Random.o
 .debug_info    0x0000000000004c5c      0x1f9 Bin/Common.o
 .debug_info    0x0000000000004e55     0x1d1a Bin/Memory.o
 .debug_info    0x0000000000006b6f       0x7b Bin/MemoryAsm.o
 .debug_info    0x0000000000006bea     0x1909 Bin/Button.o
 .debug_info    0x00000000000084f3     0x155e Bin/Log.o
 .debug_info    0x0000000000009a51      0xbdb Bin/Settings.o
 .debug_info    0x000000000000a62c      0xdc8 Bin/LED.o
 .debug_info    0x000000000000b3f4      0x367 Bin/Map.o
 .debug_info    0x000000000000b75b      0xf3f Bin/AntennaLevel.o
 .debug_info    0x000000000000c69a      0xfbb Bin/Terminal.o
 .debug_info    0x000000000000d655     0x3951 Bin/Commands.o
 .debug_info    0x0000000000010fa6      0xa48 Bin/XModem.o
 .debug_info    0x00000000000119ee     0x127c Bin/CommandLine.o
 .debug_info    0x0000000000012c6a     0x16ec Bin/Codec.o
 .debug_info    0x0000000000014356     0x29ff Bin/ISO14443-2A.o
 .debug_info    0x0000000000016d55     0x2bbd Bin/Reader14443-2A.o
 .debug_info    0x0000000000019912     0x29ed Bin/SniffISO14443-2A.o
 .debug_info    0x000000000001c2ff       0x8b Bin/Reader14443-ISR.o
 .debug_info    0x000000000001c38a     0x17cf Bin/MifareUltralight.o
 .debug_info    0x000000000001db59     0x2284 Bin/MifareClassic.o
 .debug_info    0x000000000001fddd      0x46b Bin/ISO14443-3A.o
 .debug_info    0x0000000000020248     0x226c Bin/Crypto1.o
 .debug_info    0x00000000000224b4     0x25cc Bin/Reader14443A.o
 .debug_info    0x0000000000024a80      0xeaa Bin/Sniff14443A.o
 .debug_info    0x000000000002592a     0x2a9a Bin/ISO15693.o
 .debug_info    0x00000000000283c4      0xd73 Bin/Vicinity.o
 .debug_info    0x0000000000029137      0xf68 Bin/Sl2s2002.o
 .debug_info    0x000000000002a09f      0xdd4 Bin/TITagitstandard.o
 .debug_info    0x000000000002ae73      0x256 Bin/ISO15693-A.o
 .debug_info    0x000000000002b0c9     0x117e Bin/DeviceStandardReq.o
 .debug_info    0x000000000002c247       0x7f Bin/Events.o
 .debug_info    0x000000000002c2c6      0x429 Bin/USBTask.o
 .debug_info    0x000000000002c6ef     0x17b7 Bin/EndpointStream_XMEGA.o
 .debug_info    0x000000000002dea6      0xd26 Bin/Endpoint_XMEGA.o
 .debug_info    0x000000000002ebcc      0xd56 Bin/USBController_XMEGA.o
 .debug_info    0x000000000002f922      0xa72 Bin/USBInterrupt_XMEGA.o
 .debug_info    0x0000000000030394     0x1129 Bin/CDCClassDevice.o

.debug_abbrev   0x0000000000000000     0x733e
 *(.debug_abbrev)
 .debug_abbrev  0x0000000000000000      0x24b Bin/Chameleon-Mini.o
 .debug_abbrev  0x000000000000024b      0x1c8 Bin/LUFADescriptors.o
 .debug_abbrev  0x0000000000000413      0x1b4 Bin/System.o
 .debug_abbrev  0x00000000000005c7      0x3d4 Bin/Configuration.o
 .debug_abbrev  0x000000000000099b      0x139 Bin/Random.o
 .debug_abbrev  0x0000000000000ad4       0xbb Bin/Common.o
 .debug_abbrev  0x0000000000000b8f      0x3ce Bin/Memory.o
 .debug_abbrev  0x0000000000000f5d       0x12 Bin/MemoryAsm.o
 .debug_abbrev  0x0000000000000f6f      0x3eb Bin/Button.o
 .debug_abbrev  0x000000000000135a      0x3f0 Bin/Log.o
 .debug_abbrev  0x000000000000174a      0x2bf Bin/Settings.o
 .debug_abbrev  0x0000000000001a09      0x2e8 Bin/LED.o
 .debug_abbrev  0x0000000000001cf1      0x175 Bin/Map.o
 .debug_abbrev  0x0000000000001e66      0x235 Bin/AntennaLevel.o
 .debug_abbrev  0x000000000000209b      0x36d Bin/Terminal.o
 .debug_abbrev  0x0000000000002408      0x46d Bin/Commands.o
 .debug_abbrev  0x0000000000002875      0x29f Bin/XModem.o
 .debug_abbrev  0x0000000000002b14      0x3af Bin/CommandLine.o
 .debug_abbrev  0x0000000000002ec3      0x2c9 Bin/Codec.o
 .debug_abbrev  0x000000000000318c      0x364 Bin/ISO14443-2A.o
 .debug_abbrev  0x00000000000034f0      0x407 Bin/Reader14443-2A.o
 .debug_abbrev  0x00000000000038f7      0x382 Bin/SniffISO14443-2A.o
 .debug_abbrev  0x0000000000003c79       0x14 Bin/Reader14443-ISR.o
 .debug_abbrev  0x0000000000003c8d      0x400 Bin/MifareUltralight.o
 .debug_abbrev  0x000000000000408d      0x3c6 Bin/MifareClassic.o
 .debug_abbrev  0x0000000000004453      0x1b2 Bin/ISO14443-3A.o
 .debug_abbrev  0x0000000000004605      0x343 Bin/Crypto1.o
 .debug_abbrev  0x0000000000004948      0x4e4 Bin/Reader14443A.o
 .debug_abbrev  0x0000000000004e2c      0x2f8 Bin/Sniff14443A.o
 .debug_abbrev  0x0000000000005124      0x336 Bin/ISO15693.o
 .debug_abbrev  0x000000000000545a      0x306 Bin/Vicinity.o
 .debug_abbrev  0x0000000000005760      0x305 Bin/Sl2s2002.o
 .debug_abbrev  0x0000000000005a65      0x2dc Bin/TITagitstandard.o
 .debug_abbrev  0x0000000000005d41      0x13f Bin/ISO15693-A.o
 .debug_abbrev  0x0000000000005e80      0x366 Bin/DeviceStandardReq.o
 .debug_abbrev  0x00000000000061e6       0x44 Bin/Events.o
 .debug_abbrev  0x000000000000622a      0x21b Bin/USBTask.o
 .debug_abbrev  0x0000000000006445      0x274 Bin/EndpointStream_XMEGA.o
 .debug_abbrev  0x00000000000066b9      0x2f1 Bin/Endpoint_XMEGA.o
 .debug_abbrev  0x00000000000069aa      0x2f7 Bin/USBController_XMEGA.o
 .debug_abbrev  0x0000000000006ca1      0x266 Bin/USBInterrupt_XMEGA.o
 .debug_abbrev  0x0000000000006f07      0x437 Bin/CDCClassDevice.o

.debug_line     0x0000000000000000     0xff51
 *(.debug_line .debug_line.* .debug_line_end)
 .debug_line    0x0000000000000000      0x482 Bin/Chameleon-Mini.o
 .debug_line    0x0000000000000482      0x226 Bin/LUFADescriptors.o
 .debug_line    0x00000000000006a8      0x212 Bin/System.o
 .debug_line    0x00000000000008ba      0x436 Bin/Configuration.o
 .debug_line    0x0000000000000cf0       0xd9 Bin/Random.o
 .debug_line    0x0000000000000dc9      0x1d5 Bin/Common.o
 .debug_line    0x0000000000000f9e      0x893 Bin/Memory.o
 .debug_line    0x0000000000001831      0x176 Bin/MemoryAsm.o
 .debug_line    0x00000000000019a7      0x517 Bin/Button.o
 .debug_line    0x0000000000001ebe      0x5eb Bin/Log.o
 .debug_line    0x00000000000024a9      0x36c Bin/Settings.o
 .debug_line    0x0000000000002815      0x38a Bin/LED.o
 .debug_line    0x0000000000002b9f      0x17b Bin/Map.o
 .debug_line    0x0000000000002d1a      0x2da Bin/AntennaLevel.o
 .debug_line    0x0000000000002ff4      0x434 Bin/Terminal.o
 .debug_line    0x0000000000003428     0x102f Bin/Commands.o
 .debug_line    0x0000000000004457      0x437 Bin/XModem.o
 .debug_line    0x000000000000488e      0x522 Bin/CommandLine.o
 .debug_line    0x0000000000004db0      0x3c1 Bin/Codec.o
 .debug_line    0x0000000000005171      0x89b Bin/ISO14443-2A.o
 .debug_line    0x0000000000005a0c      0xb1f Bin/Reader14443-2A.o
 .debug_line    0x000000000000652b      0xa25 Bin/SniffISO14443-2A.o
 .debug_line    0x0000000000006f50      0x1b3 Bin/Reader14443-ISR.o
 .debug_line    0x0000000000007103      0x801 Bin/MifareUltralight.o
 .debug_line    0x0000000000007904      0xd78 Bin/MifareClassic.o
 .debug_line    0x000000000000867c      0x1ab Bin/ISO14443-3A.o
 .debug_line    0x0000000000008827     0x1cab Bin/Crypto1.o
 .debug_line    0x000000000000a4d2      0xec9 Bin/Reader14443A.o
 .debug_line    0x000000000000b39b      0x4f8 Bin/Sniff14443A.o
 .debug_line    0x000000000000b893      0x9e7 Bin/ISO15693.o
 .debug_line    0x000000000000c27a      0x492 Bin/Vicinity.o
 .debug_line    0x000000000000c70c      0x63b Bin/Sl2s2002.o
 .debug_line    0x000000000000cd47      0x514 Bin/TITagitstandard.o
 .debug_line    0x000000000000d25b      0x124 Bin/ISO15693-A.o
 .debug_line    0x000000000000d37f      0x3f7 Bin/DeviceStandardReq.o
 .debug_line    0x000000000000d776       0x4f Bin/Events.o
 .debug_line    0x000000000000d7c5      0x16a Bin/USBTask.o
 .debug_line    0x000000000000d92f     0x117a Bin/EndpointStream_XMEGA.o
 .debug_line    0x000000000000eaa9      0x5f5 Bin/Endpoint_XMEGA.o
 .debug_line    0x000000000000f09e      0x324 Bin/USBController_XMEGA.o
 .debug_line    0x000000000000f3c2      0x321 Bin/USBInterrupt_XMEGA.o
 .debug_line    0x000000000000f6e3      0x86e Bin/CDCClassDevice.o

.debug_frame    0x0000000000000000     0x2a2c
 *(.debug_frame)
 .debug_frame   0x0000000000000000       0x24 Bin/Chameleon-Mini.o
 .debug_frame   0x0000000000000024       0x24 Bin/LUFADescriptors.o
 .debug_frame   0x0000000000000048       0xb4 Bin/System.o
 .debug_frame   0x00000000000000fc      0x14c Bin/Configuration.o
 .debug_frame   0x0000000000000248       0x64 Bin/Random.o
 .debug_frame   0x00000000000002ac       0x60 Bin/Common.o
 .debug_frame   0x000000000000030c      0x200 Bin/Memory.o
 .debug_frame   0x000000000000050c       0xcc Bin/Button.o
 .debug_frame   0x00000000000005d8      0x1dc Bin/Log.o
 .debug_frame   0x00000000000007b4       0x98 Bin/Settings.o
 .debug_frame   0x000000000000084c       0x9c Bin/LED.o
 .debug_frame   0x00000000000008e8       0x7c Bin/Map.o
 .debug_frame   0x0000000000000964       0x24 Bin/AntennaLevel.o
 .debug_frame   0x0000000000000988       0xcc Bin/Terminal.o
 .debug_frame   0x0000000000000a54      0x584 Bin/Commands.o
 .debug_frame   0x0000000000000fd8       0x5c Bin/XModem.o
 .debug_frame   0x0000000000001034       0xd0 Bin/CommandLine.o
 .debug_frame   0x0000000000001104       0xa4 Bin/Codec.o
 .debug_frame   0x00000000000011a8      0x144 Bin/ISO14443-2A.o
 .debug_frame   0x00000000000012ec      0x1a4 Bin/Reader14443-2A.o
 .debug_frame   0x0000000000001490      0x19c Bin/SniffISO14443-2A.o
 .debug_frame   0x000000000000162c      0x140 Bin/MifareUltralight.o
 .debug_frame   0x000000000000176c      0x104 Bin/MifareClassic.o
 .debug_frame   0x0000000000001870       0x34 Bin/ISO14443-3A.o
 .debug_frame   0x00000000000018a4      0x224 Bin/Crypto1.o
 .debug_frame   0x0000000000001ac8      0x214 Bin/Reader14443A.o
 .debug_frame   0x0000000000001cdc       0x90 Bin/Sniff14443A.o
 .debug_frame   0x0000000000001d6c       0xa0 Bin/ISO15693.o
 .debug_frame   0x0000000000001e0c       0xc4 Bin/Vicinity.o
 .debug_frame   0x0000000000001ed0       0xcc Bin/Sl2s2002.o
 .debug_frame   0x0000000000001f9c       0xa8 Bin/TITagitstandard.o
 .debug_frame   0x0000000000002044       0x6c Bin/ISO15693-A.o
 .debug_frame   0x00000000000020b0       0x44 Bin/DeviceStandardReq.o
 .debug_frame   0x00000000000020f4       0x24 Bin/Events.o
 .debug_frame   0x0000000000002118       0x2c Bin/USBTask.o
 .debug_frame   0x0000000000002144      0x494 Bin/EndpointStream_XMEGA.o
 .debug_frame   0x00000000000025d8      0x160 Bin/Endpoint_XMEGA.o
 .debug_frame   0x0000000000002738       0x5c Bin/USBController_XMEGA.o
 .debug_frame   0x0000000000002794       0x8c Bin/USBInterrupt_XMEGA.o
 .debug_frame   0x0000000000002820      0x20c Bin/CDCClassDevice.o

.debug_str      0x0000000000000000     0x992f
 *(.debug_str)
 .debug_str     0x0000000000000000     0x2b39 Bin/Chameleon-Mini.o
                                       0x2c6c (size before relaxing)
 .debug_str     0x0000000000002b39      0x8cc Bin/LUFADescriptors.o
                                        0xc25 (size before relaxing)
 .debug_str     0x0000000000003405      0xb3f Bin/System.o
                                        0xebb (size before relaxing)
 .debug_str     0x0000000000003f44      0x20b Bin/Configuration.o
                                       0x102e (size before relaxing)